Component: ARM Compiler 5.06 update 6 (build 750) Tool: armlink [4d35ed]

==============================================================================

Section Cross References

    mcu_api.o(i.mcu_dp_bool_update) refers to system.o(i.set_wifi_uart_byte) for set_wifi_uart_byte
    mcu_api.o(i.mcu_dp_bool_update) refers to system.o(i.wifi_uart_write_frame) for wifi_uart_write_frame
    mcu_api.o(i.mcu_dp_bool_update) refers to system.o(.data) for stop_update_flag
    mcu_api.o(i.mcu_dp_enum_update) refers to system.o(i.set_wifi_uart_byte) for set_wifi_uart_byte
    mcu_api.o(i.mcu_dp_enum_update) refers to system.o(i.wifi_uart_write_frame) for wifi_uart_write_frame
    mcu_api.o(i.mcu_dp_enum_update) refers to system.o(.data) for stop_update_flag
    mcu_api.o(i.mcu_dp_fault_update) refers to system.o(i.set_wifi_uart_byte) for set_wifi_uart_byte
    mcu_api.o(i.mcu_dp_fault_update) refers to system.o(i.wifi_uart_write_frame) for wifi_uart_write_frame
    mcu_api.o(i.mcu_dp_fault_update) refers to system.o(.data) for stop_update_flag
    mcu_api.o(i.mcu_dp_raw_update) refers to system.o(i.set_wifi_uart_byte) for set_wifi_uart_byte
    mcu_api.o(i.mcu_dp_raw_update) refers to system.o(i.set_wifi_uart_buffer) for set_wifi_uart_buffer
    mcu_api.o(i.mcu_dp_raw_update) refers to system.o(i.wifi_uart_write_frame) for wifi_uart_write_frame
    mcu_api.o(i.mcu_dp_raw_update) refers to system.o(.data) for stop_update_flag
    mcu_api.o(i.mcu_dp_string_update) refers to system.o(i.set_wifi_uart_byte) for set_wifi_uart_byte
    mcu_api.o(i.mcu_dp_string_update) refers to system.o(i.set_wifi_uart_buffer) for set_wifi_uart_buffer
    mcu_api.o(i.mcu_dp_string_update) refers to system.o(i.wifi_uart_write_frame) for wifi_uart_write_frame
    mcu_api.o(i.mcu_dp_string_update) refers to system.o(.data) for stop_update_flag
    mcu_api.o(i.mcu_dp_value_update) refers to system.o(i.set_wifi_uart_byte) for set_wifi_uart_byte
    mcu_api.o(i.mcu_dp_value_update) refers to system.o(i.wifi_uart_write_frame) for wifi_uart_write_frame
    mcu_api.o(i.mcu_dp_value_update) refers to system.o(.data) for stop_update_flag
    mcu_api.o(i.mcu_get_dp_download_value) refers to mcu_api.o(i.byte_to_int) for byte_to_int
    mcu_api.o(i.mcu_get_reset_wifi_flag) refers to system.o(.data) for reset_wifi_flag
    mcu_api.o(i.mcu_get_wifi_work_state) refers to system.o(.data) for wifi_work_state
    mcu_api.o(i.mcu_get_wifimode_flag) refers to system.o(.data) for set_wifimode_flag
    mcu_api.o(i.mcu_reset_wifi) refers to system.o(i.wifi_uart_write_frame) for wifi_uart_write_frame
    mcu_api.o(i.mcu_reset_wifi) refers to system.o(.data) for reset_wifi_flag
    mcu_api.o(i.mcu_set_wifi_mode) refers to system.o(i.set_wifi_uart_byte) for set_wifi_uart_byte
    mcu_api.o(i.mcu_set_wifi_mode) refers to system.o(i.wifi_uart_write_frame) for wifi_uart_write_frame
    mcu_api.o(i.mcu_set_wifi_mode) refers to system.o(.data) for set_wifimode_flag
    mcu_api.o(i.mcu_start_wifitest) refers to system.o(i.wifi_uart_write_frame) for wifi_uart_write_frame
    mcu_api.o(i.uart_receive_buff_input) refers to mcu_api.o(i.uart_receive_input) for uart_receive_input
    mcu_api.o(i.uart_receive_input) refers to system.o(.data) for rx_buf_out
    mcu_api.o(i.uart_receive_input) refers to system.o(.bss) for wifi_uart_rx_buf
    mcu_api.o(i.wifi_protocol_init) refers to system.o(.bss) for wifi_uart_rx_buf
    mcu_api.o(i.wifi_protocol_init) refers to system.o(.data) for rx_buf_in
    mcu_api.o(i.wifi_protocol_init) refers to system.o(.data) for stop_update_flag
    mcu_api.o(i.wifi_uart_service) refers to system.o(i.take_byte_rxbuff) for take_byte_rxbuff
    mcu_api.o(i.wifi_uart_service) refers to system.o(i.with_data_rxbuff) for with_data_rxbuff
    mcu_api.o(i.wifi_uart_service) refers to system.o(i.get_check_sum) for get_check_sum
    mcu_api.o(i.wifi_uart_service) refers to system.o(i.data_handle) for data_handle
    mcu_api.o(i.wifi_uart_service) refers to mcu_api.o(i.my_memcpy) for my_memcpy
    mcu_api.o(i.wifi_uart_service) refers to system.o(.bss) for wifi_data_process_buf
    mcu_api.o(i.wifi_uart_service) refers to mcu_api.o(.data) for .data
    protocol.o(i.all_data_update) refers to mcu_api.o(i.mcu_dp_value_update) for mcu_dp_value_update
    protocol.o(i.all_data_update) refers to mcu_api.o(i.mcu_dp_enum_update) for mcu_dp_enum_update
    protocol.o(i.all_data_update) refers to mcu_api.o(i.mcu_dp_bool_update) for mcu_dp_bool_update
    protocol.o(i.all_data_update) refers to dht11.o(.data) for DHT11Data
    protocol.o(i.dp_download_handle) refers to mcu_api.o(i.mcu_get_dp_download_value) for mcu_get_dp_download_value
    protocol.o(i.dp_download_handle) refers to mcu_api.o(i.mcu_get_dp_download_enum) for mcu_get_dp_download_enum
    protocol.o(i.dp_download_handle) refers to mcu_api.o(i.mcu_dp_enum_update) for mcu_dp_enum_update
    protocol.o(i.dp_download_handle) refers to mcu_api.o(i.mcu_dp_value_update) for mcu_dp_value_update
[...]
    Removing stm32f1xx_hal_flash.o(i.HAL_FLASH_Lock), (20 bytes).
    Removing stm32f1xx_hal_flash.o(i.HAL_FLASH_OB_Launch), (4 bytes).
    Removing stm32f1xx_hal_flash.o(i.HAL_FLASH_OB_Lock), (20 bytes).
    Removing stm32f1xx_hal_flash.o(i.HAL_FLASH_OB_Unlock), (36 bytes).
    Removing stm32f1xx_hal_flash.o(i.HAL_FLASH_OperationErrorCallback), (2 bytes).
    Removing stm32f1xx_hal_flash.o(i.HAL_FLASH_Program), (128 bytes).
    Removing stm32f1xx_hal_flash.o(i.HAL_FLASH_Program_IT), (100 bytes).
    Removing stm32f1xx_hal_flash.o(i.HAL_FLASH_Unlock), (40 bytes).
    Removing stm32f1xx_hal_flash.o(.bss), (32 bytes).
    Removing stm32f1xx_hal_flash_ex.o(.rev16_text), (4 bytes).
    Removing stm32f1xx_hal_flash_ex.o(.revsh_text), (4 bytes).
    Removing stm32f1xx_hal_flash_ex.o(.rrx_text), (6 bytes).
    Removing stm32f1xx_hal_flash_ex.o(i.FLASH_MassErase), (36 bytes).
    Removing stm32f1xx_hal_flash_ex.o(i.FLASH_OB_DisableWRP), (176 bytes).
    Removing stm32f1xx_hal_flash_ex.o(i.FLASH_OB_EnableWRP), (176 bytes).
    Removing stm32f1xx_hal_flash_ex.o(i.FLASH_OB_GetRDP), (24 bytes).
    Removing stm32f1xx_hal_flash_ex.o(i.FLASH_OB_RDP_LevelConfig), (100 bytes).
    Removing stm32f1xx_hal_flash_ex.o(i.FLASH_PageErase), (36 bytes).
    Removing stm32f1xx_hal_flash_ex.o(i.HAL_FLASHEx_Erase), (168 bytes).
    Removing stm32f1xx_hal_flash_ex.o(i.HAL_FLASHEx_Erase_IT), (84 bytes).
    Removing stm32f1xx_hal_flash_ex.o(i.HAL_FLASHEx_OBErase), (84 bytes).
    Removing stm32f1xx_hal_flash_ex.o(i.HAL_FLASHEx_OBGetConfig), (36 bytes).
    Removing stm32f1xx_hal_flash_ex.o(i.HAL_FLASHEx_OBGetUserData), (32 bytes).
    Removing stm32f1xx_hal_flash_ex.o(i.HAL_FLASHEx_OBProgram), (200 bytes).
    Removing stm32f1xx_hal_exti.o(.rev16_text), (4 bytes).
    Removing stm32f1xx_hal_exti.o(.revsh_text), (4 bytes).
    Removing stm32f1xx_hal_exti.o(.rrx_text), (6 bytes).
    Removing stm32f1xx_hal_exti.o(i.HAL_EXTI_ClearConfigLine), (104 bytes).
    Removing stm32f1xx_hal_exti.o(i.HAL_EXTI_ClearPending), (20 bytes).
    Removing stm32f1xx_hal_exti.o(i.HAL_EXTI_GenerateSWI), (20 bytes).
    Removing stm32f1xx_hal_exti.o(i.HAL_EXTI_GetConfigLine), (152 bytes).
    Removing stm32f1xx_hal_exti.o(i.HAL_EXTI_GetHandle), (12 bytes).
    Removing stm32f1xx_hal_exti.o(i.HAL_EXTI_GetPending), (24 bytes).
    Removing stm32f1xx_hal_exti.o(i.HAL_EXTI_IRQHandler), (36 bytes).
    Removing stm32f1xx_hal_exti.o(i.HAL_EXTI_RegisterCallback), (14 bytes).
    Removing stm32f1xx_hal_exti.o(i.HAL_EXTI_SetConfigLine), (164 bytes).
    Removing stm32f1xx_hal_tim.o(.rev16_text), (4 bytes).
    Removing stm32f1xx_hal_tim.o(.revsh_text), (4 bytes).
    Removing stm32f1xx_hal_tim.o(.rrx_text), (6 bytes).
    Removing stm32f1xx_hal_tim.o(i.HAL_TIM_Base_DeInit), (92 bytes).
    Removing stm32f1xx_hal_tim.o(i.HAL_TIM_Base_GetState), (6 bytes).
    Removing stm32f1xx_hal_tim.o(i.HAL_TIM_Base_MspDeInit), (2 bytes).
    Removing stm32f1xx_hal_tim.o(i.HAL_TIM_Base_MspInit), (2 bytes).
    Removing stm32f1xx_hal_tim.o(i.HAL_TIM_Base_Start_DMA), (152 bytes).
    Removing stm32f1xx_hal_tim.o(i.HAL_TIM_Base_Stop_DMA), (58 bytes).
    Removing stm32f1xx_hal_tim.o(i.HAL_TIM_Base_Stop_IT), (48 bytes).
    Removing stm32f1xx_hal_tim.o(i.HAL_TIM_ConfigOCrefClear), (210 bytes).
    Removing stm32f1xx_hal_tim.o(i.HAL_TIM_ConfigTI1Input), (16 bytes).
    Removing stm32f1xx_hal_tim.o(i.HAL_TIM_DMABurstState), (6 bytes).
    Removing stm32f1xx_hal_tim.o(i.HAL_TIM_DMABurst_MultiReadStart), (324 bytes).
    Removing stm32f1xx_hal_tim.o(i.HAL_TIM_DMABurst_MultiWriteStart), (324 bytes).
    Removing stm32f1xx_hal_tim.o(i.HAL_TIM_DMABurst_ReadStart), (18 bytes).
    Removing stm32f1xx_hal_tim.o(i.HAL_TIM_DMABurst_ReadStop), (102 bytes).
    Removing stm32f1xx_hal_tim.o(i.HAL_TIM_DMABurst_WriteStart), (18 bytes).
    Removing stm32f1xx_hal_tim.o(i.HAL_TIM_DMABurst_WriteStop), (102 bytes).
    Removing stm32f1xx_hal_tim.o(i.HAL_TIM_Encoder_DeInit), (76 bytes).
    Removing stm32f1xx_hal_tim.o(i.HAL_TIM_Encoder_GetState), (6 bytes).
    Removing stm32f1xx_hal_tim.o(i.HAL_TIM_Encoder_Init), (164 bytes).
    Removing stm32f1xx_hal_tim.o(i.HAL_TIM_Encoder_MspDeInit), (2 bytes).
    Removing stm32f1xx_hal_tim.o(i.HAL_TIM_Encoder_MspInit), (2 bytes).
    Removing stm32f1xx_hal_tim.o(i.HAL_TIM_Encoder_Start), (142 bytes).
    Removing stm32f1xx_hal_tim.o(i.HAL_TIM_Encoder_Start_DMA), (460 bytes).
    Removing stm32f1xx_hal_tim.o(i.HAL_TIM_Encoder_Start_IT), (182 bytes).
    Removing stm32f1xx_hal_tim.o(i.HAL_TIM_Encoder_Stop), (102 bytes).
    Removing stm32f1xx_hal_tim.o(i.HAL_TIM_Encoder_Stop_DMA), (172 bytes).
    Removing stm32f1xx_hal_tim.o(i.HAL_TIM_Encoder_Stop_IT), (144 bytes).
    Removing stm32f1xx_hal_tim.o(i.HAL_TIM_ErrorCallback), (2 bytes).
    Removing stm32f1xx_hal_tim.o(i.HAL_TIM_GenerateEvent), (38 bytes).
    Removing stm32f1xx_hal_tim.o(i.HAL_TIM_GetActiveChannel), (4 bytes).
    Removing stm32f1xx_hal_tim.o(i.HAL_TIM_GetChannelState), (34 bytes).
    Removing stm32f1xx_hal_tim.o(i.HAL_TIM_IC_CaptureHalfCpltCallback), (2 bytes).
    Removing stm32f1xx_hal_tim.o(i.HAL_TIM_IC_ConfigChannel), (270 bytes).
    Removing stm32f1xx_hal_tim.o(i.HAL_TIM_IC_DeInit), (92 bytes).
    Removing stm32f1xx_hal_tim.o(i.HAL_TIM_IC_GetState), (6 bytes).
    Removing stm32f1xx_hal_tim.o(i.HAL_TIM_IC_Init), (90 bytes).
    Removing stm32f1xx_hal_tim.o(i.HAL_TIM_IC_MspDeInit), (2 bytes).
    Removing stm32f1xx_hal_tim.o(i.HAL_TIM_IC_MspInit), (2 bytes).
    Removing stm32f1xx_hal_tim.o(i.HAL_TIM_IC_Start), (184 bytes).
    Removing stm32f1xx_hal_tim.o(i.HAL_TIM_IC_Start_DMA), (376 bytes).
    Removing stm32f1xx_hal_tim.o(i.HAL_TIM_IC_Start_IT), (224 bytes).
    Removing stm32f1xx_hal_tim.o(i.HAL_TIM_IC_Stop), (82 bytes).
    Removing stm32f1xx_hal_tim.o(i.HAL_TIM_IC_Stop_DMA), (156 bytes).
    Removing stm32f1xx_hal_tim.o(i.HAL_TIM_IC_Stop_IT), (134 bytes).
    Removing stm32f1xx_hal_tim.o(i.HAL_TIM_OC_ConfigChannel), (76 bytes).
    Removing stm32f1xx_hal_tim.o(i.HAL_TIM_OC_DeInit), (92 bytes).
    Removing stm32f1xx_hal_tim.o(i.HAL_TIM_OC_GetState), (6 bytes).
    Removing stm32f1xx_hal_tim.o(i.HAL_TIM_OC_Init), (90 bytes).
    Removing stm32f1xx_hal_tim.o(i.HAL_TIM_OC_MspDeInit), (2 bytes).
    Removing stm32f1xx_hal_tim.o(i.HAL_TIM_OC_MspInit), (2 bytes).
    Removing stm32f1xx_hal_tim.o(i.HAL_TIM_OC_Start), (156 bytes).
    Removing stm32f1xx_hal_tim.o(i.HAL_TIM_OC_Start_DMA), (388 bytes).
    Removing stm32f1xx_hal_tim.o(i.HAL_TIM_OC_Start_IT), (196 bytes).
    Removing stm32f1xx_hal_tim.o(i.HAL_TIM_OC_Stop), (112 bytes).
    Removing stm32f1xx_hal_tim.o(i.HAL_TIM_OC_Stop_DMA), (184 bytes).
    Removing stm32f1xx_hal_tim.o(i.HAL_TIM_OC_Stop_IT), (164 bytes).
    Removing stm32f1xx_hal_tim.o(i.HAL_TIM_OnePulse_ConfigChannel), (218 bytes).
    Removing stm32f1xx_hal_tim.o(i.HAL_TIM_OnePulse_DeInit), (76 bytes).
    Removing stm32f1xx_hal_tim.o(i.HAL_TIM_OnePulse_GetState), (6 bytes).
    Removing stm32f1xx_hal_tim.o(i.HAL_TIM_OnePulse_Init), (86 bytes).
    Removing stm32f1xx_hal_tim.o(i.HAL_TIM_OnePulse_MspDeInit), (2 bytes).
    Removing stm32f1xx_hal_tim.o(i.HAL_TIM_OnePulse_MspInit), (2 bytes).
    Removing stm32f1xx_hal_tim.o(i.HAL_TIM_OnePulse_Start), (104 bytes).
    Removing stm32f1xx_hal_tim.o(i.HAL_TIM_OnePulse_Start_IT), (124 bytes).
    Removing stm32f1xx_hal_tim.o(i.HAL_TIM_OnePulse_Stop), (100 bytes).
    Removing stm32f1xx_hal_tim.o(i.HAL_TIM_OnePulse_Stop_IT), (120 bytes).
    Removing stm32f1xx_hal_tim.o(i.HAL_TIM_PWM_ConfigChannel), (198 bytes).
    Removing stm32f1xx_hal_tim.o(i.HAL_TIM_PWM_DeInit), (92 bytes).
    Removing stm32f1xx_hal_tim.o(i.HAL_TIM_PWM_GetState), (6 bytes).
    Removing stm32f1xx_hal_tim.o(i.HAL_TIM_PWM_Init), (90 bytes).
    Removing stm32f1xx_hal_tim.o(i.HAL_TIM_PWM_MspDeInit), (2 bytes).
    Removing stm32f1xx_hal_tim.o(i.HAL_TIM_PWM_MspInit), (2 bytes).
    Removing stm32f1xx_hal_tim.o(i.HAL_TIM_PWM_PulseFinishedHalfCpltCallback), (2 bytes).
    Removing stm32f1xx_hal_tim.o(i.HAL_TIM_PWM_Start), (156 bytes).
    Removing stm32f1xx_hal_tim.o(i.HAL_TIM_PWM_Start_DMA), (388 bytes).
    Removing stm32f1xx_hal_tim.o(i.HAL_TIM_PWM_Start_IT), (196 bytes).
    Removing stm32f1xx_hal_tim.o(i.HAL_TIM_PWM_Stop), (112 bytes).
    Removing stm32f1xx_hal_tim.o(i.HAL_TIM_PWM_Stop_DMA), (184 bytes).
    Removing stm32f1xx_hal_tim.o(i.HAL_TIM_PWM_Stop_IT), (164 bytes).
    Removing stm32f1xx_hal_tim.o(i.HAL_TIM_PeriodElapsedCallback), (2 bytes).
    Removing stm32f1xx_hal_tim.o(i.HAL_TIM_PeriodElapsedHalfCpltCallback), (2 bytes).
    Removing stm32f1xx_hal_tim.o(i.HAL_TIM_ReadCapturedValue), (42 bytes).
    Removing stm32f1xx_hal_tim.o(i.HAL_TIM_SlaveConfigSynchro), (86 bytes).
    Removing stm32f1xx_hal_tim.o(i.HAL_TIM_SlaveConfigSynchro_IT), (86 bytes).
    Removing stm32f1xx_hal_tim.o(i.HAL_TIM_TriggerHalfCpltCallback), (2 bytes).
    Removing stm32f1xx_hal_tim.o(i.TIM_CCxChannelCmd), (26 bytes).
    Removing stm32f1xx_hal_tim.o(i.TIM_DMACaptureCplt), (110 bytes).
    Removing stm32f1xx_hal_tim.o(i.TIM_DMACaptureHalfCplt), (56 bytes).
    Removing stm32f1xx_hal_tim.o(i.TIM_DMADelayPulseCplt), (94 bytes).
    Removing stm32f1xx_hal_tim.o(i.TIM_DMADelayPulseHalfCplt), (56 bytes).
    Removing stm32f1xx_hal_tim.o(i.TIM_DMAError), (84 bytes).
    Removing stm32f1xx_hal_tim.o(i.TIM_DMAPeriodElapsedCplt), (22 bytes).
    Removing stm32f1xx_hal_tim.o(i.TIM_DMAPeriodElapsedHalfCplt), (10 bytes).
    Removing stm32f1xx_hal_tim.o(i.TIM_DMATriggerCplt), (22 bytes).
    Removing stm32f1xx_hal_tim.o(i.TIM_DMATriggerHalfCplt), (10 bytes).
    Removing stm32f1xx_hal_tim.o(i.TIM_OC1_SetConfig), (80 bytes).
    Removing stm32f1xx_hal_tim.o(i.TIM_OC2_SetConfig), (88 bytes).
    Removing stm32f1xx_hal_tim.o(i.TIM_OC3_SetConfig), (88 bytes).
    Removing stm32f1xx_hal_tim.o(i.TIM_OC4_SetConfig), (68 bytes).
    Removing stm32f1xx_hal_tim.o(i.TIM_SlaveTimer_SetConfig), (134 bytes).
    Removing stm32f1xx_hal_tim.o(i.TIM_TI1_SetConfig), (88 bytes).
    Removing stm32f1xx_hal_tim.o(i.TIM_TI2_SetConfig), (54 bytes).
    Removing stm32f1xx_hal_tim_ex.o(.rev16_text), (4 bytes).
    Removing stm32f1xx_hal_tim_ex.o(.revsh_text), (4 bytes).
    Removing stm32f1xx_hal_tim_ex.o(.rrx_text), (6 bytes).
    Removing stm32f1xx_hal_tim_ex.o(i.HAL_TIMEx_CommutHalfCpltCallback), (2 bytes).
    Removing stm32f1xx_hal_tim_ex.o(i.HAL_TIMEx_ConfigBreakDeadTime), (84 bytes).
    Removing stm32f1xx_hal_tim_ex.o(i.HAL_TIMEx_ConfigCommutEvent), (112 bytes).
    Removing stm32f1xx_hal_tim_ex.o(i.HAL_TIMEx_ConfigCommutEvent_DMA), (144 bytes).
    Removing stm32f1xx_hal_tim_ex.o(i.HAL_TIMEx_ConfigCommutEvent_IT), (112 bytes).
    Removing stm32f1xx_hal_tim_ex.o(i.HAL_TIMEx_GetChannelNState), (34 bytes).
    Removing stm32f1xx_hal_tim_ex.o(i.HAL_TIMEx_HallSensor_DeInit), (76 bytes).
    Removing stm32f1xx_hal_tim_ex.o(i.HAL_TIMEx_HallSensor_GetState), (6 bytes).
    Removing stm32f1xx_hal_tim_ex.o(i.HAL_TIMEx_HallSensor_Init), (208 bytes).
    Removing stm32f1xx_hal_tim_ex.o(i.HAL_TIMEx_HallSensor_MspDeInit), (2 bytes).
    Removing stm32f1xx_hal_tim_ex.o(i.HAL_TIMEx_HallSensor_MspInit), (2 bytes).
    Removing stm32f1xx_hal_tim_ex.o(i.HAL_TIMEx_HallSensor_Start), (128 bytes).
    Removing stm32f1xx_hal_tim_ex.o(i.HAL_TIMEx_HallSensor_Start_DMA), (184 bytes).
    Removing stm32f1xx_hal_tim_ex.o(i.HAL_TIMEx_HallSensor_Start_IT), (140 bytes).
    Removing stm32f1xx_hal_tim_ex.o(i.HAL_TIMEx_HallSensor_Stop), (58 bytes).
    Removing stm32f1xx_hal_tim_ex.o(i.HAL_TIMEx_HallSensor_Stop_DMA), (70 bytes).
    Removing stm32f1xx_hal_tim_ex.o(i.HAL_TIMEx_HallSensor_Stop_IT), (68 bytes).
    Removing stm32f1xx_hal_tim_ex.o(i.HAL_TIMEx_OCN_Start), (152 bytes).
    Removing stm32f1xx_hal_tim_ex.o(i.HAL_TIMEx_OCN_Start_DMA), (336 bytes).
    Removing stm32f1xx_hal_tim_ex.o(i.HAL_TIMEx_OCN_Start_IT), (188 bytes).
    Removing stm32f1xx_hal_tim_ex.o(i.HAL_TIMEx_OCN_Stop), (104 bytes).
    Removing stm32f1xx_hal_tim_ex.o(i.HAL_TIMEx_OCN_Stop_DMA), (158 bytes).
    Removing stm32f1xx_hal_tim_ex.o(i.HAL_TIMEx_OCN_Stop_IT), (160 bytes).
    Removing stm32f1xx_hal_tim_ex.o(i.HAL_TIMEx_OnePulseN_Start), (170 bytes).
    Removing stm32f1xx_hal_tim_ex.o(i.HAL_TIMEx_OnePulseN_Start_IT), (190 bytes).
    Removing stm32f1xx_hal_tim_ex.o(i.HAL_TIMEx_OnePulseN_Stop), (154 bytes).
    Removing stm32f1xx_hal_tim_ex.o(i.HAL_TIMEx_OnePulseN_Stop_IT), (176 bytes).
    Removing stm32f1xx_hal_tim_ex.o(i.HAL_TIMEx_PWMN_Start), (152 bytes).
    Removing stm32f1xx_hal_tim_ex.o(i.HAL_TIMEx_PWMN_Start_DMA), (336 bytes).
    Removing stm32f1xx_hal_tim_ex.o(i.HAL_TIMEx_PWMN_Start_IT), (188 bytes).
    Removing stm32f1xx_hal_tim_ex.o(i.HAL_TIMEx_PWMN_Stop), (104 bytes).
    Removing stm32f1xx_hal_tim_ex.o(i.HAL_TIMEx_PWMN_Stop_DMA), (158 bytes).
    Removing stm32f1xx_hal_tim_ex.o(i.HAL_TIMEx_PWMN_Stop_IT), (160 bytes).
    Removing stm32f1xx_hal_tim_ex.o(i.HAL_TIMEx_RemapConfig), (4 bytes).
    Removing stm32f1xx_hal_tim_ex.o(i.TIMEx_DMACommutationCplt), (16 bytes).
    Removing stm32f1xx_hal_tim_ex.o(i.TIMEx_DMACommutationHalfCplt), (16 bytes).
    Removing stm32f1xx_hal_tim_ex.o(i.TIM_CCxNChannelCmd), (26 bytes).
    Removing stm32f1xx_hal_tim_ex.o(i.TIM_DMADelayPulseNCplt), (94 bytes).
    Removing stm32f1xx_hal_tim_ex.o(i.TIM_DMAErrorCCxN), (62 bytes).
    Removing stm32f1xx_hal_uart.o(.rev16_text), (4 bytes).
    Removing stm32f1xx_hal_uart.o(.revsh_text), (4 bytes).
    Removing stm32f1xx_hal_uart.o(.rrx_text), (6 bytes).
    Removing stm32f1xx_hal_uart.o(i.HAL_HalfDuplex_EnableReceiver), (50 bytes).
    Removing stm32f1xx_hal_uart.o(i.HAL_HalfDuplex_EnableTransmitter), (50 bytes).
    Removing stm32f1xx_hal_uart.o(i.HAL_HalfDuplex_Init), (108 bytes).
    Removing stm32f1xx_hal_uart.o(i.HAL_LIN_Init), (128 bytes).
    Removing stm32f1xx_hal_uart.o(i.HAL_LIN_SendBreak), (46 bytes).
    Removing stm32f1xx_hal_uart.o(i.HAL_MultiProcessor_EnterMuteMode), (46 bytes).
    Removing stm32f1xx_hal_uart.o(i.HAL_MultiProcessor_ExitMuteMode), (46 bytes).
    Removing stm32f1xx_hal_uart.o(i.HAL_MultiProcessor_Init), (142 bytes).
    Removing stm32f1xx_hal_uart.o(i.HAL_UART_Abort), (138 bytes).
    Removing stm32f1xx_hal_uart.o(i.HAL_UART_AbortCpltCallback), (2 bytes).
    Removing stm32f1xx_hal_uart.o(i.HAL_UART_AbortReceive), (88 bytes).
    Removing stm32f1xx_hal_uart.o(i.HAL_UART_AbortReceiveCpltCallback), (2 bytes).
    Removing stm32f1xx_hal_uart.o(i.HAL_UART_AbortReceive_IT), (92 bytes).
    Removing stm32f1xx_hal_uart.o(i.HAL_UART_AbortTransmit), (78 bytes).
    Removing stm32f1xx_hal_uart.o(i.HAL_UART_AbortTransmitCpltCallback), (2 bytes).
    Removing stm32f1xx_hal_uart.o(i.HAL_UART_AbortTransmit_IT), (84 bytes).
    Removing stm32f1xx_hal_uart.o(i.HAL_UART_Abort_IT), (172 bytes).
    Removing stm32f1xx_hal_uart.o(i.HAL_UART_DMAPause), (102 bytes).
    Removing stm32f1xx_hal_uart.o(i.HAL_UART_DMAResume), (94 bytes).
    Removing stm32f1xx_hal_uart.o(i.HAL_UART_DMAStop), (88 bytes).
    Removing stm32f1xx_hal_uart.o(i.HAL_UART_DeInit), (50 bytes).
    Removing stm32f1xx_hal_uart.o(i.HAL_UART_GetError), (4 bytes).
    Removing stm32f1xx_hal_uart.o(i.HAL_UART_GetState), (10 bytes).
    Removing stm32f1xx_hal_uart.o(i.HAL_UART_MspDeInit), (2 bytes).
    Removing stm32f1xx_hal_uart.o(i.HAL_UART_MspInit), (2 bytes).
    Removing stm32f1xx_hal_uart.o(i.HAL_UART_Receive), (188 bytes).
    Removing stm32f1xx_hal_uart.o(i.HAL_UART_Receive_DMA), (152 bytes).
    Removing stm32f1xx_hal_uart.o(i.HAL_UART_RxCpltCallback), (2 bytes).
    Removing stm32f1xx_hal_uart.o(i.HAL_UART_RxHalfCpltCallback), (2 bytes).
    Removing stm32f1xx_hal_uart.o(i.HAL_UART_Transmit_DMA), (128 bytes).
    Removing stm32f1xx_hal_uart.o(i.HAL_UART_Transmit_IT), (62 bytes).
    Removing stm32f1xx_hal_uart.o(i.HAL_UART_TxHalfCpltCallback), (2 bytes).
    Removing stm32f1xx_hal_uart.o(i.UART_DMAError), (74 bytes).
    Removing stm32f1xx_hal_uart.o(i.UART_DMAReceiveCplt), (60 bytes).
    Removing stm32f1xx_hal_uart.o(i.UART_DMARxAbortCallback), (42 bytes).
    Removing stm32f1xx_hal_uart.o(i.UART_DMARxHalfCplt), (10 bytes).
    Removing stm32f1xx_hal_uart.o(i.UART_DMARxOnlyAbortCallback), (20 bytes).
    Removing stm32f1xx_hal_uart.o(i.UART_DMATransmitCplt), (46 bytes).
    Removing stm32f1xx_hal_uart.o(i.UART_DMATxAbortCallback), (42 bytes).
    Removing stm32f1xx_hal_uart.o(i.UART_DMATxHalfCplt), (10 bytes).
    Removing stm32f1xx_hal_uart.o(i.UART_DMATxOnlyAbortCallback), (20 bytes).
    Removing stm32f1xx_hal_uart.o(i.UART_EndTxTransfer), (18 bytes).
    Removing multi_button.o(i.button_stop), (32 bytes).
    Removing dht11.o(.rev16_text), (4 bytes).
    Removing dht11.o(.revsh_text), (4 bytes).
    Removing dht11.o(.rrx_text), (6 bytes).
    Removing dht11.o(.data), (4 bytes).
    Removing dadd.o(.text), (334 bytes).
    Removing dmul.o(.text), (228 bytes).
    Removing ddiv.o(.text), (222 bytes).
    Removing dfixul.o(.text), (48 bytes).
    Removing cdrcmple.o(.text), (48 bytes).
    Removing depilogue.o(.text), (186 bytes).

479 unused section(s) (total 39627 bytes) removed from the image.

==============================================================================

Image Symbol Table

    Local Symbols

    Symbol Name                              Value     Ov Type        Size  Object(Section)

    ../Core/Src/gpio.c                       0x00000000   Number         0  gpio.o ABSOLUTE
    ../Core/Src/i2c.c                        0x00000000   Number         0  i2c.o ABSOLUTE
    ../Core/Src/main.c                       0x00000000   Number         0  main.o ABSOLUTE
    ../Core/Src/stm32f1xx_hal_msp.c          0x00000000   Number         0  stm32f1xx_hal_msp.o ABSOLUTE
    ../Core/Src/stm32f1xx_it.c               0x00000000   Number         0  stm32f1xx_it.o ABSOLUTE
    ../Core/Src/system_stm32f1xx.c           0x00000000   Number         0  system_stm32f1xx.o ABSOLUTE
    ../Core/Src/tim.c                        0x00000000   Number         0  tim.o ABSOLUTE
    ../Core/Src/usart.c                      0x00000000   Number         0  usart.o ABSOLUTE
    ../Drivers/STM32F1xx_HAL_Driver/Src/stm32f1xx_hal.c 0x00000000   Number         0  stm32f1xx_hal.o ABSOLUTE
    ../Drivers/STM32F1xx_HAL_Driver/Src/stm32f1xx_hal_cortex.c 0x00000000   Number         0  stm32f1xx_hal_cortex.o ABSOLUTE
    ../Drivers/STM32F1xx_HAL_Driver/Src/stm32f1xx_hal_dma.c 0x00000000   Number         0  stm32f1xx_hal_dma.o ABSOLUTE
    ../Drivers/STM32F1xx_HAL_Driver/Src/stm32f1xx_hal_exti.c 0x00000000   Number         0  stm32f1xx_hal_exti.o ABSOLUTE
    ../Drivers/STM32F1xx_HAL_Driver/Src/stm32f1xx_hal_flash.c 0x00000000   Number         0  stm32f1xx_hal_flash.o ABSOLUTE
    ../Drivers/STM32F1xx_HAL_Driver/Src/stm32f1xx_hal_flash_ex.c 0x00000000   Number         0  stm32f1xx_hal_flash_ex.o ABSOLUTE
    ../Drivers/STM32F1xx_HAL_Driver/Src/stm32f1xx_hal_gpio.c 0x00000000   Number         0  stm32f1xx_hal_gpio.o ABSOLUTE
    ../Drivers/STM32F1xx_HAL_Driver/Src/stm32f1xx_hal_gpio_ex.c 0x00000000   Number         0  stm32f1xx_hal_gpio_ex.o ABSOLUTE
    ../Drivers/STM32F1xx_HAL_Driver/Src/stm32f1xx_hal_i2c.c 0x00000000   Number         0  stm32f1xx_hal_i2c.o ABSOLUTE
    ../Drivers/STM32F1xx_HAL_Driver/Src/stm32f1xx_hal_pwr.c 0x00000000   Number         0  stm32f1xx_hal_pwr.o ABSOLUTE
    ../Drivers/STM32F1xx_HAL_Driver/Src/stm32f1xx_hal_rcc.c 0x00000000   Number         0  stm32f1xx_hal_rcc.o ABSOLUTE
    ../Drivers/STM32F1xx_HAL_Driver/Src/stm32f1xx_hal_rcc_ex.c 0x00000000   Number         0  stm32f1xx_hal_rcc_ex.o ABSOLUTE
    ../Drivers/STM32F1xx_HAL_Driver/Src/stm32f1xx_hal_tim.c 0x00000000   Number         0  stm32f1xx_hal_tim.o ABSOLUTE
    ../Drivers/STM32F1xx_HAL_Driver/Src/stm32f1xx_hal_tim_ex.c 0x00000000   Number         0  stm32f1xx_hal_tim_ex.o ABSOLUTE
    ../Drivers/STM32F1xx_HAL_Driver/Src/stm32f1xx_hal_uart.c 0x00000000   Number         0  stm32f1xx_hal_uart.o ABSOLUTE
    ../clib/microlib/division.c              0x00000000   Number         0  uidiv.o ABSOLUTE
    ../clib/microlib/division.c              0x00000000   Number         0  uldiv.o ABSOLUTE
    ../clib/microlib/init/entry.s            0x00000000   Number         0  entry8b.o ABSOLUTE
    ../clib/microlib/init/entry.s            0x00000000   Number         0  entry11b.o ABSOLUTE
    ../clib/microlib/init/entry.s            0x00000000   Number         0  entry11a.o ABSOLUTE
    ../clib/microlib/init/entry.s            0x00000000   Number         0  entry5.o ABSOLUTE
    ../clib/microlib/init/entry.s            0x00000000   Number         0  entry7b.o ABSOLUTE
    ../clib/microlib/init/entry.s            0x00000000   Number         0  entry7a.o ABSOLUTE
    ../clib/microlib/init/entry.s            0x00000000   Number         0  entry9a.o ABSOLUTE
    ../clib/microlib/init/entry.s            0x00000000   Number         0  entry8a.o ABSOLUTE
    ../clib/microlib/init/entry.s            0x00000000   Number         0  entry.o ABSOLUTE
    ../clib/microlib/init/entry.s            0x00000000   Number         0  entry10b.o ABSOLUTE
    ../clib/microlib/init/entry.s            0x00000000   Number         0  entry9b.o ABSOLUTE
    ../clib/microlib/init/entry.s            0x00000000   Number         0  entry10a.o ABSOLUTE
    ../clib/microlib/init/entry.s            0x00000000   Number         0  entry2.o ABSOLUTE
    ../clib/microlib/longlong.c              0x00000000   Number         0  llushr.o ABSOLUTE
    ../clib/microlib/longlong.c              0x00000000   Number         0  llsshr.o ABSOLUTE
    ../clib/microlib/longlong.c              0x00000000   Number         0  llshl.o ABSOLUTE
    ../clib/microlib/printf/printf.c         0x00000000   Number         0  printf8.o ABSOLUTE
    ../clib/microlib/printf/printf.c         0x00000000   Number         0  printf7.o ABSOLUTE
    ../clib/microlib/printf/printf.c         0x00000000   Number         0  printf6.o ABSOLUTE
    ../clib/microlib/printf/printf.c         0x00000000   Number         0  printf5.o ABSOLUTE
    ../clib/microlib/printf/printf.c         0x00000000   Number         0  printf4.o ABSOLUTE
    ../clib/microlib/printf/printf.c         0x00000000   Number         0  printf3.o ABSOLUTE
    ../clib/microlib/printf/printf.c         0x00000000   Number         0  printf2.o ABSOLUTE
    ../clib/microlib/printf/printf.c         0x00000000   Number         0  printf1.o ABSOLUTE
    ../clib/microlib/printf/printf.c         0x00000000   Number         0  printfb.o ABSOLUTE
    ../clib/microlib/printf/printf.c         0x00000000   Number         0  printf0.o ABSOLUTE
    ../clib/microlib/printf/printf.c         0x00000000   Number         0  printfa.o ABSOLUTE
    ../clib/microlib/stdio/streams.c         0x00000000   Number         0  stdout.o ABSOLUTE
    ../clib/microlib/string/memset.c         0x00000000   Number         0  memseta.o ABSOLUTE
    ../clib/microlib/stubs.s                 0x00000000   Number         0  iusefp.o ABSOLUTE
    ../fplib/microlib/fpadd.c                0x00000000   Number         0  dadd.o ABSOLUTE
    ../fplib/microlib/fpdiv.c                0x00000000   Number         0  ddiv.o ABSOLUTE
    ../fplib/microlib/fpepilogue.c           0x00000000   Number         0  depilogue.o ABSOLUTE
    ../fplib/microlib/fpfix.c                0x00000000   Number         0  dfixul.o ABSOLUTE
    ../fplib/microlib/fpmul.c                0x00000000   Number         0  dmul.o ABSOLUTE
    ..\Core\Src\gpio.c                       0x00000000   Number         0  gpio.o ABSOLUTE
    ..\Core\Src\i2c.c                        0x00000000   Number         0  i2c.o ABSOLUTE
    ..\Core\Src\main.c                       0x00000000   Number         0  main.o ABSOLUTE
    ..\Core\Src\stm32f1xx_hal_msp.c          0x00000000   Number         0  stm32f1xx_hal_msp.o ABSOLUTE
    ..\Core\Src\stm32f1xx_it.c               0x00000000   Number         0  stm32f1xx_it.o ABSOLUTE
    ..\Core\Src\system_stm32f1xx.c           0x00000000   Number         0  system_stm32f1xx.o ABSOLUTE
    ..\Core\Src\tim.c                        0x00000000   Number         0  tim.o ABSOLUTE
    ..\Core\Src\usart.c                      0x00000000   Number         0  usart.o ABSOLUTE
    ..\Drivers\STM32F1xx_HAL_Driver\Src\stm32f1xx_hal.c 0x00000000   Number         0  stm32f1xx_hal.o ABSOLUTE
    ..\Drivers\STM32F1xx_HAL_Driver\Src\stm32f1xx_hal_cortex.c 0x00000000   Number         0  stm32f1xx_hal_cortex.o ABSOLUTE
    ..\Drivers\STM32F1xx_HAL_Driver\Src\stm32f1xx_hal_dma.c 0x00000000   Number         0  stm32f1xx_hal_dma.o ABSOLUTE
    ..\Drivers\STM32F1xx_HAL_Driver\Src\stm32f1xx_hal_exti.c 0x00000000   Number         0  stm32f1xx_hal_exti.o ABSOLUTE
    ..\Drivers\STM32F1xx_HAL_Driver\Src\stm32f1xx_hal_flash.c 0x00000000   Number         0  stm32f1xx_hal_flash.o ABSOLUTE
    ..\Drivers\STM32F1xx_HAL_Driver\Src\stm32f1xx_hal_flash_ex.c 0x00000000   Number         0  stm32f1xx_hal_flash_ex.o ABSOLUTE
    ..\Drivers\STM32F1xx_HAL_Driver\Src\stm32f1xx_hal_gpio.c 0x00000000   Number         0  stm32f1xx_hal_gpio.o ABSOLUTE
    ..\Drivers\STM32F1xx_HAL_Driver\Src\stm32f1xx_hal_gpio_ex.c 0x00000000   Number         0  stm32f1xx_hal_gpio_ex.o ABSOLUTE
    ..\Drivers\STM32F1xx_HAL_Driver\Src\stm32f1xx_hal_i2c.c 0x00000000   Number         0  stm32f1xx_hal_i2c.o ABSOLUTE
    ..\Drivers\STM32F1xx_HAL_Driver\Src\stm32f1xx_hal_pwr.c 0x00000000   Number         0  stm32f1xx_hal_pwr.o ABSOLUTE
    ..\Drivers\STM32F1xx_HAL_Driver\Src\stm32f1xx_hal_rcc.c 0x00000000   Number         0  stm32f1xx_hal_rcc.o ABSOLUTE
    ..\Drivers\STM32F1xx_HAL_Driver\Src\stm32f1xx_hal_rcc_ex.c 0x00000000   Number         0  stm32f1xx_hal_rcc_ex.o ABSOLUTE
    ..\Drivers\STM32F1xx_HAL_Driver\Src\stm32f1xx_hal_tim.c 0x00000000   Number         0  stm32f1xx_hal_tim.o ABSOLUTE
    ..\Drivers\STM32F1xx_HAL_Driver\Src\stm32f1xx_hal_tim_ex.c 0x00000000   Number         0  stm32f1xx_hal_tim_ex.o ABSOLUTE
    ..\Drivers\STM32F1xx_HAL_Driver\Src\stm32f1xx_hal_uart.c 0x00000000   Number         0  stm32f1xx_hal_uart.o ABSOLUTE
    ..\MCU_SDK\mcu_api.c                     0x00000000   Number         0  mcu_api.o ABSOLUTE
    ..\MCU_SDK\protocol.c                    0x00000000   Number         0  protocol.o ABSOLUTE
    ..\MCU_SDK\system.c                      0x00000000   Number         0  system.o ABSOLUTE
    ..\Packages\DHT11\DHT11.c                0x00000000   Number         0  dht11.o ABSOLUTE
    ..\Packages\MultiButton-master\multi_button.c 0x00000000   Number         0  multi_button.o ABSOLUTE
    ..\\MCU_SDK\\mcu_api.c                   0x00000000   Number         0  mcu_api.o ABSOLUTE
    ..\\MCU_SDK\\protocol.c                  0x00000000   Number         0  protocol.o ABSOLUTE
    ..\\MCU_SDK\\system.c                    0x00000000   Number         0  system.o ABSOLUTE
    ..\\Packages\\DHT11\\DHT11.c             0x00000000   Number         0  dht11.o ABSOLUTE
    cdrcmple.s                               0x00000000   Number         0  cdrcmple.o ABSOLUTE
    dc.s                                     0x00000000   Number         0  dc.o ABSOLUTE
    handlers.s                               0x00000000   Number         0  handlers.o ABSOLUTE
    init.s                                   0x00000000   Number         0  init.o ABSOLUTE
    startup_stm32f103xb.s                    0x00000000   Number         0  startup_stm32f103xb.o ABSOLUTE
    RESET                                    0x08000000   Section      236  startup_stm32f103xb.o(RESET)
    .ARM.Collect$$$$00000000                 0x080000ec   Section        0  entry.o(.ARM.Collect$$$$00000000)
    .ARM.Collect$$$$00000001                 0x080000ec   Section        4  entry2.o(.ARM.Collect$$$$00000001)
    .ARM.Collect$$$$00000004                 0x080000f0   Section        4  entry5.o(.ARM.Collect$$$$00000004)
    .ARM.Collect$$$$00000008                 0x080000f4   Section        0  entry7b.o(.ARM.Collect$$$$00000008)
    .ARM.Collect$$$$0000000A                 0x080000f4   Section        0  entry8b.o(.ARM.Collect$$$$0000000A)
    .ARM.Collect$$$$0000000B                 0x080000f4   Section        8  entry9a.o(.ARM.Collect$$$$0000000B)
    .ARM.Collect$$$$0000000D                 0x080000fc   Section        0  entry10a.o(.ARM.Collect$$$$0000000D)
    .ARM.Collect$$$$0000000F                 0x080000fc   Section        0  entry11a.o(.ARM.Collect$$$$0000000F)
    .ARM.Collect$$$$00002712                 0x080000fc   Section        4  entry2.o(.ARM.Collect$$$$00002712)
    __lit__00000000                          0x080000fc   Data           4  entry2.o(.ARM.Collect$$$$00002712)
    .text                                    0x08000100   Section       36  startup_stm32f103xb.o(.text)
    .text                                    0x08000124   Section        0  memseta.o(.text)
    .text                                    0x08000148   Section       36  init.o(.text)
    i.BusFault_Handler                       0x0800016c   Section        0  stm32f1xx_it.o(i.BusFault_Handler)
    i.DHT11_Check                            0x08000170   Section        0  dht11.o(i.DHT11_Check)
    i.DHT11_Read_Bit                         0x080001bc   Section        0  dht11.o(i.DHT11_Read_Bit)
    i.DHT11_Read_Byte                        0x08000208   Section        0  dht11.o(i.DHT11_Read_Byte)
    i.DHT11_Read_Data                        0x08000224   Section        0  dht11.o(i.DHT11_Read_Data)
    i.DHT11_Rst                              0x080002cc   Section        0  dht11.o(i.DHT11_Rst)
    i.DebugMon_Handler                       0x080002f4   Section        0  stm32f1xx_it.o(i.DebugMon_Handler)
    i.Delay_us                               0x080002f8   Section        0  tim.o(i.Delay_us)
    i.Error_Handler                          0x0800032c   Section        0  main.o(i.Error_Handler)
    i.HAL_DMA_Abort_IT                       0x08000330   Section        0  stm32f1xx_hal_dma.o(i.HAL_DMA_Abort_IT)
    i.HAL_Delay                              0x080003c8   Section        0  stm32f1xx_hal.o(i.HAL_Delay)
    i.HAL_GPIO_Init                          0x080003ec   Section        0  stm32f1xx_hal_gpio.o(i.HAL_GPIO_Init)
    i.HAL_GPIO_ReadPin                       0x080005cc   Section        0  stm32f1xx_hal_gpio.o(i.HAL_GPIO_ReadPin)
    i.HAL_GPIO_TogglePin                     0x080005d6   Section        0  stm32f1xx_hal_gpio.o(i.HAL_GPIO_TogglePin)
    i.HAL_GPIO_WritePin                      0x080005e6   Section        0  stm32f1xx_hal_gpio.o(i.HAL_GPIO_WritePin)
    i.HAL_GetTick                            0x080005f0   Section        0  stm32f1xx_hal.o(i.HAL_GetTick)
    i.HAL_I2C_Init                           0x080005fc   Section        0  stm32f1xx_hal_i2c.o(i.HAL_I2C_Init)
    i.HAL_I2C_MspInit                        0x08000784   Section        0  i2c.o(i.HAL_I2C_MspInit)
    i.HAL_IncTick                            0x080007e0   Section        0  stm32f1xx_hal.o(i.HAL_IncTick)
    i.HAL_Init                               0x080007f0   Section        0  stm32f1xx_hal.o(i.HAL_Init)
    i.HAL_InitTick                           0x08000814   Section        0  stm32f1xx_hal.o(i.HAL_InitTick)
    i.HAL_MspInit                            0x08000854   Section        0  stm32f1xx_hal_msp.o(i.HAL_MspInit)
    i.HAL_NVIC_EnableIRQ                     0x08000898   Section        0  stm32f1xx_hal_cortex.o(i.HAL_NVIC_EnableIRQ)
    i.HAL_NVIC_SetPriority                   0x080008b4   Section        0  stm32f1xx_hal_cortex.o(i.HAL_NVIC_SetPriority)
    i.HAL_NVIC_SetPriorityGrouping           0x080008f4   Section        0  stm32f1xx_hal_cortex.o(i.HAL_NVIC_SetPriorityGrouping)
    i.HAL_RCC_ClockConfig                    0x08000918   Section        0  stm32f1xx_hal_rcc.o(i.HAL_RCC_ClockConfig)
    i.HAL_RCC_GetPCLK1Freq                   0x08000a44   Section        0  stm32f1xx_hal_rcc.o(i.HAL_RCC_GetPCLK1Freq)
    i.HAL_RCC_GetPCLK2Freq                   0x08000a64   Section        0  stm32f1xx_hal_rcc.o(i.HAL_RCC_GetPCLK2Freq)
    i.HAL_RCC_GetSysClockFreq                0x08000a84   Section        0  stm32f1xx_hal_rcc.o(i.HAL_RCC_GetSysClockFreq)
    i.HAL_RCC_OscConfig                      0x08000af0   Section        0  stm32f1xx_hal_rcc.o(i.HAL_RCC_OscConfig)
    i.HAL_SYSTICK_Config                     0x08000e10   Section        0  stm32f1xx_hal_cortex.o(i.HAL_SYSTICK_Config)
    i.HAL_TIMEx_BreakCallback                0x08000e38   Section        0  stm32f1xx_hal_tim_ex.o(i.HAL_TIMEx_BreakCallback)
    i.HAL_TIMEx_CommutCallback               0x08000e3a   Section        0  stm32f1xx_hal_tim_ex.o(i.HAL_TIMEx_CommutCallback)
    i.HAL_TIMEx_MasterConfigSynchronization  0x08000e3c   Section        0  stm32f1xx_hal_tim_ex.o(i.HAL_TIMEx_MasterConfigSynchronization)
    i.HAL_TIM_Base_Init                      0x08000ea4   Section        0  stm32f1xx_hal_tim.o(i.HAL_TIM_Base_Init)
    i.HAL_TIM_Base_MspInit                   0x08000f00   Section        0  tim.o(i.HAL_TIM_Base_MspInit)
    i.HAL_TIM_Base_Start                     0x08000f54   Section        0  stm32f1xx_hal_tim.o(i.HAL_TIM_Base_Start)
    i.HAL_TIM_Base_Start_IT                  0x08000fa4   Section        0  stm32f1xx_hal_tim.o(i.HAL_TIM_Base_Start_IT)
    i.HAL_TIM_Base_Stop                      0x08000ffc   Section        0  stm32f1xx_hal_tim.o(i.HAL_TIM_Base_Stop)
    i.HAL_TIM_ConfigClockSource              0x08001022   Section        0  stm32f1xx_hal_tim.o(i.HAL_TIM_ConfigClockSource)
    i.HAL_TIM_IC_CaptureCallback             0x080010f8   Section        0  stm32f1xx_hal_tim.o(i.HAL_TIM_IC_CaptureCallback)
    i.HAL_TIM_IRQHandler                     0x080010fa   Section        0  stm32f1xx_hal_tim.o(i.HAL_TIM_IRQHandler)
    i.HAL_TIM_OC_DelayElapsedCallback        0x08001260   Section        0  stm32f1xx_hal_tim.o(i.HAL_TIM_OC_DelayElapsedCallback)
    i.HAL_TIM_PWM_PulseFinishedCallback      0x08001262   Section        0  stm32f1xx_hal_tim.o(i.HAL_TIM_PWM_PulseFinishedCallback)
    i.HAL_TIM_PeriodElapsedCallback          0x08001264   Section        0  tim.o(i.HAL_TIM_PeriodElapsedCallback)
    i.HAL_TIM_TriggerCallback                0x080012a8   Section        0  stm32f1xx_hal_tim.o(i.HAL_TIM_TriggerCallback)
    i.HAL_UART_ErrorCallback                 0x080012aa   Section        0  stm32f1xx_hal_uart.o(i.HAL_UART_ErrorCallback)
    i.HAL_UART_IRQHandler                    0x080012ac   Section        0  stm32f1xx_hal_uart.o(i.HAL_UART_IRQHandler)
    i.HAL_UART_Init                          0x08001408   Section        0  stm32f1xx_hal_uart.o(i.HAL_UART_Init)
    i.HAL_UART_MspInit                       0x0800146c   Section        0  usart.o(i.HAL_UART_MspInit)
    i.HAL_UART_Receive_IT                    0x08001544   Section        0  stm32f1xx_hal_uart.o(i.HAL_UART_Receive_IT)
    i.HAL_UART_RxCpltCallback                0x08001598   Section        0  usart.o(i.HAL_UART_RxCpltCallback)
    i.HAL_UART_Transmit                      0x080015d8   Section        0  stm32f1xx_hal_uart.o(i.HAL_UART_Transmit)
    i.HAL_UART_TxCpltCallback                0x0800168a   Section        0  stm32f1xx_hal_uart.o(i.HAL_UART_TxCpltCallback)
    i.HardFault_Handler                      0x0800168c   Section        0  stm32f1xx_it.o(i.HardFault_Handler)
    i.KeyRegister                            0x08001690   Section        0  gpio.o(i.KeyRegister)
    i.MX_GPIO_Init                           0x08001710   Section        0  gpio.o(i.MX_GPIO_Init)
    i.MX_I2C1_Init                           0x080017a0   Section        0  i2c.o(i.MX_I2C1_Init)
    i.MX_TIM3_Init                           0x080017e0   Section        0  tim.o(i.MX_TIM3_Init)
    i.MX_TIM4_Init                           0x08001848   Section        0  tim.o(i.MX_TIM4_Init)
    i.MX_USART1_UART_Init                    0x080018b0   Section        0  usart.o(i.MX_USART1_UART_Init)
    i.MX_USART2_UART_Init                    0x080018e8   Section        0  usart.o(i.MX_USART2_UART_Init)
    i.MemManage_Handler                      0x08001920   Section        0  stm32f1xx_it.o(i.MemManage_Handler)
    i.NMI_Handler                            0x08001922   Section        0  stm32f1xx_it.o(i.NMI_Handler)
    i.PendSV_Handler                         0x08001924   Section        0  stm32f1xx_it.o(i.PendSV_Handler)
    i.SVC_Handler                            0x08001926   Section        0  stm32f1xx_it.o(i.SVC_Handler)
    i.SysTick_Handler                        0x08001928   Section        0  stm32f1xx_it.o(i.SysTick_Handler)
    i.SystemClock_Config                     0x0800192c   Section        0  main.o(i.SystemClock_Config)
    i.SystemInit                             0x08001984   Section        0  system_stm32f1xx.o(i.SystemInit)
    i.TIM4_IRQHandler                        0x08001988   Section        0  stm32f1xx_it.o(i.TIM4_IRQHandler)
    i.TIM_Base_SetConfig                     0x08001994   Section        0  stm32f1xx_hal_tim.o(i.TIM_Base_SetConfig)
    i.TIM_ETR_SetConfig                      0x08001a00   Section        0  stm32f1xx_hal_tim.o(i.TIM_ETR_SetConfig)
    i.TIM_ITRx_SetConfig                     0x08001a14   Section        0  stm32f1xx_hal_tim.o(i.TIM_ITRx_SetConfig)
    TIM_ITRx_SetConfig                       0x08001a15   Thumb Code    16  stm32f1xx_hal_tim.o(i.TIM_ITRx_SetConfig)
    i.TIM_TI1_ConfigInputStage               0x08001a24   Section        0  stm32f1xx_hal_tim.o(i.TIM_TI1_ConfigInputStage)
    TIM_TI1_ConfigInputStage                 0x08001a25   Thumb Code    34  stm32f1xx_hal_tim.o(i.TIM_TI1_ConfigInputStage)
    i.TIM_TI2_ConfigInputStage               0x08001a46   Section        0  stm32f1xx_hal_tim.o(i.TIM_TI2_ConfigInputStage)
    TIM_TI2_ConfigInputStage                 0x08001a47   Thumb Code    36  stm32f1xx_hal_tim.o(i.TIM_TI2_ConfigInputStage)
    i.UART_DMAAbortOnError                   0x08001a6a   Section        0  stm32f1xx_hal_uart.o(i.UART_DMAAbortOnError)
    UART_DMAAbortOnError                     0x08001a6b   Thumb Code    16  stm32f1xx_hal_uart.o(i.UART_DMAAbortOnError)
    i.UART_EndRxTransfer                     0x08001a7a   Section        0  stm32f1xx_hal_uart.o(i.UART_EndRxTransfer)
    UART_EndRxTransfer                       0x08001a7b   Thumb Code    28  stm32f1xx_hal_uart.o(i.UART_EndRxTransfer)
    i.UART_Receive_IT                        0x08001a96   Section        0  stm32f1xx_hal_uart.o(i.UART_Receive_IT)
    UART_Receive_IT                          0x08001a97   Thumb Code   140  stm32f1xx_hal_uart.o(i.UART_Receive_IT)
    i.UART_SetConfig                         0x08001b24   Section        0  stm32f1xx_hal_uart.o(i.UART_SetConfig)
    UART_SetConfig                           0x08001b25   Thumb Code   178  stm32f1xx_hal_uart.o(i.UART_SetConfig)
    i.UART_WaitOnFlagUntilTimeout            0x08001bdc   Section        0  stm32f1xx_hal_uart.o(i.UART_WaitOnFlagUntilTimeout)
    UART_WaitOnFlagUntilTimeout              0x08001bdd   Thumb Code   100  stm32f1xx_hal_uart.o(i.UART_WaitOnFlagUntilTimeout)
    i.USART1_IRQHandler                      0x08001c40   Section        0  stm32f1xx_it.o(i.USART1_IRQHandler)
    i.USART2_IRQHandler                      0x08001c4c   Section        0  stm32f1xx_it.o(i.USART2_IRQHandler)
    i.UsageFault_Handler                     0x08001c58   Section        0  stm32f1xx_it.o(i.UsageFault_Handler)
    i.WifiLedStatus                          0x08001c5c   Section        0  main.o(i.WifiLedStatus)
    i.__0printf$bare                         0x08001ca8   Section        0  printfb.o(i.__0printf$bare)
    i.__NVIC_SetPriority                     0x08001cb8   Section        0  stm32f1xx_hal_cortex.o(i.__NVIC_SetPriority)
    __NVIC_SetPriority                       0x08001cb9   Thumb Code    32  stm32f1xx_hal_cortex.o(i.__NVIC_SetPriority)
    i.__scatterload_copy                     0x08001cd8   Section       14  handlers.o(i.__scatterload_copy)
    i.__scatterload_null                     0x08001ce6   Section        2  handlers.o(i.__scatterload_null)
    i.__scatterload_zeroinit                 0x08001ce8   Section       14  handlers.o(i.__scatterload_zeroinit)
    i._printf_core                           0x08001cf6   Section        0  printfb.o(i._printf_core)
    _printf_core                             0x08001cf7   Thumb Code    34  printfb.o(i._printf_core)
    i.all_data_update                        0x08001d18   Section        0  protocol.o(i.all_data_update)
    i.btn1_callback                          0x08001d98   Section        0  gpio.o(i.btn1_callback)
    i.btn2_callback                          0x08001df4   Section        0  gpio.o(i.btn2_callback)
    i.button_attach                          0x08001e68   Section        0  multi_button.o(i.button_attach)
    i.button_handler                         0x08001e70   Section        0  multi_button.o(i.button_handler)
    i.button_init                            0x08002010   Section        0  multi_button.o(i.button_init)
    i.button_start                           0x0800203c   Section        0  multi_button.o(i.button_start)
    i.button_ticks                           0x08002060   Section        0  multi_button.o(i.button_ticks)
    i.byte_to_int                            0x0800207c   Section        0  mcu_api.o(i.byte_to_int)
    i.data_handle                            0x08002094   Section        0  system.o(i.data_handle)
    i.dp_download_handle                     0x080021a0   Section        0  protocol.o(i.dp_download_handle)
    i.fputc                                  0x08002284   Section        0  usart.o(i.fputc)
    i.get_button_event                       0x0800229c   Section        0  multi_button.o(i.get_button_event)
    i.get_check_sum                          0x080022a4   Section        0  system.o(i.get_check_sum)
    i.get_download_cmd_total                 0x080022c2   Section        0  protocol.o(i.get_download_cmd_total)
    i.main                                   0x080022c8   Section        0  main.o(i.main)
    i.mcu_dp_bool_update                     0x080023ac   Section        0  mcu_api.o(i.mcu_dp_bool_update)
    i.mcu_dp_enum_update                     0x080023f4   Section        0  mcu_api.o(i.mcu_dp_enum_update)
    i.mcu_dp_value_update                    0x08002434   Section        0  mcu_api.o(i.mcu_dp_value_update)
    i.mcu_get_dp_download_bool               0x08002488   Section        0  mcu_api.o(i.mcu_get_dp_download_bool)
    i.mcu_get_dp_download_enum               0x0800248c   Section        0  mcu_api.o(i.mcu_get_dp_download_enum)
    i.mcu_get_dp_download_value              0x08002490   Section        0  mcu_api.o(i.mcu_get_dp_download_value)
    i.mcu_get_wifi_work_state                0x08002494   Section        0  mcu_api.o(i.mcu_get_wifi_work_state)
    i.mcu_reset_wifi                         0x080024a0   Section        0  mcu_api.o(i.mcu_reset_wifi)
    i.my_memcpy                              0x080024b4   Section        0  mcu_api.o(i.my_memcpy)
    i.my_strlen                              0x080024f0   Section        0  mcu_api.o(i.my_strlen)
    i.product_info_update                    0x08002508   Section        0  system.o(i.product_info_update)
    product_info_update                      0x08002509   Thumb Code   142  system.o(i.product_info_update)
    i.read_btn1_gpio                         0x080025d0   Section        0  gpio.o(i.read_btn1_gpio)
    i.read_btn2_gpio                         0x080025e0   Section        0  gpio.o(i.read_btn2_gpio)
    i.set_wifi_uart_buffer                   0x080025f0   Section        0  system.o(i.set_wifi_uart_buffer)
    i.set_wifi_uart_byte                     0x0800260c   Section        0  system.o(i.set_wifi_uart_byte)
    i.take_byte_rxbuff                       0x0800261c   Section        0  system.o(i.take_byte_rxbuff)
    i.uart_receive_input                     0x08002644   Section        0  mcu_api.o(i.uart_receive_input)
    i.uart_transmit_output                   0x08002680   Section        0  protocol.o(i.uart_transmit_output)
    i.wifi_protocol_init                     0x08002698   Section        0  mcu_api.o(i.wifi_protocol_init)
    i.wifi_test_result                       0x080026c4   Section        0  protocol.o(i.wifi_test_result)
    i.wifi_uart_service                      0x080026c8   Section        0  mcu_api.o(i.wifi_uart_service)
    i.wifi_uart_write_frame                  0x08002778   Section        0  system.o(i.wifi_uart_write_frame)
    i.with_data_rxbuff                       0x080027bc   Section        0  system.o(i.with_data_rxbuff)
    .constdata                               0x080027d4   Section       26  protocol.o(.constdata)
    .constdata                               0x080027ee   Section       16  system_stm32f1xx.o(.constdata)
    .constdata                               0x080027fe   Section        8  system_stm32f1xx.o(.constdata)
    .data                                    0x20000000   Section        2  mcu_api.o(.data)
    rx_in                                    0x20000000   Data           2  mcu_api.o(.data)
    .data                                    0x20000004   Section       12  system.o(.data)
    mcu_reset_state                          0x20000004   Data           1  system.o(.data)
    .data                                    0x20000010   Section        1  system.o(.data)
    .data                                    0x20000014   Section        4  system_stm32f1xx.o(.data)
    .data                                    0x20000018   Section        1  main.o(.data)
    .data                                    0x20000019   Section        1  gpio.o(.data)
    .data                                    0x2000001a   Section        4  tim.o(.data)
    .data                                    0x2000001e   Section        1  usart.o(.data)
    .data                                    0x2000001f   Section        1  usart.o(.data)
    .data                                    0x20000020   Section       12  stm32f1xx_hal.o(.data)
    .data                                    0x2000002c   Section        4  multi_button.o(.data)
    head_handle                              0x2000002c   Data           4  multi_button.o(.data)
    .data                                    0x20000030   Section        7  dht11.o(.data)
    .data                                    0x20000038   Section        4  stdout.o(.data)
    .bss                                     0x2000003c   Section      133  system.o(.bss)
    .bss                                     0x200000c4   Section       80  gpio.o(.bss)
    .bss                                     0x20000114   Section       84  i2c.o(.bss)
    .bss                                     0x20000168   Section      144  tim.o(.bss)
    .bss                                     0x200001f8   Section      128  usart.o(.bss)
    STACK                                    0x20000278   Section     1024  startup_stm32f103xb.o(STACK)

    Global Symbols

    Symbol Name                              Value     Ov Type        Size  Object(Section)

    BuildAttributes$$THM_ISAv4$P$D$K$B$S$PE$A:L22UL41UL21$X:L11$S22US41US21$IEEE1$IW$USESV6$~STKCKD$USESV7$~SHL$OSPACE$ROPI$EBA8$MICROLIB$REQ8$PRES8$EABIv2 0x00000000   Number         0  anon$$obj.o ABSOLUTE
    __ARM_use_no_argv                        0x00000000   Number         0  main.o ABSOLUTE
    __cpp_initialize__aeabi_                  - Undefined Weak Reference
    __cxa_finalize                            - Undefined Weak Reference
    __decompress                              - Undefined Weak Reference
    _clock_init                               - Undefined Weak Reference
    _microlib_exit                            - Undefined Weak Reference
    __Vectors_Size                           0x000000ec   Number         0  startup_stm32f103xb.o ABSOLUTE
    __Vectors                                0x08000000   Data           4  startup_stm32f103xb.o(RESET)
    __Vectors_End                            0x080000ec   Data           0  startup_stm32f103xb.o(RESET)
    __main                                   0x080000ed   Thumb Code     0  entry.o(.ARM.Collect$$$$00000000)
    _main_stk                                0x080000ed   Thumb Code     0  entry2.o(.ARM.Collect$$$$00000001)
    _main_scatterload                        0x080000f1   Thumb Code     0  entry5.o(.ARM.Collect$$$$00000004)
    __main_after_scatterload                 0x080000f5   Thumb Code     0  entry5.o(.ARM.Collect$$$$00000004)
    _main_clock                              0x080000f5   Thumb Code     0  entry7b.o(.ARM.Collect$$$$00000008)
    _main_cpp_init                           0x080000f5   Thumb Code     0  entry8b.o(.ARM.Collect$$$$0000000A)
    _main_init                               0x080000f5   Thumb Code     0  entry9a.o(.ARM.Collect$$$$0000000B)
    __rt_final_cpp                           0x080000fd   Thumb Code     0  entry10a.o(.ARM.Collect$$$$0000000D)
    __rt_final_exit                          0x080000fd   Thumb Code     0  entry11a.o(.ARM.Collect$$$$0000000F)
    Reset_Handler                            0x08000101   Thumb Code     8  startup_stm32f103xb.o(.text)
    ADC1_2_IRQHandler                        0x0800011b   Thumb Code     0  startup_stm32f103xb.o(.text)
    CAN1_RX1_IRQHandler                      0x0800011b   Thumb Code     0  startup_stm32f103xb.o(.text)
    CAN1_SCE_IRQHandler                      0x0800011b   Thumb Code     0  startup_stm32f103xb.o(.text)
    DMA1_Channel1_IRQHandler                 0x0800011b   Thumb Code     0  startup_stm32f103xb.o(.text)
    DMA1_Channel2_IRQHandler                 0x0800011b   Thumb Code     0  startup_stm32f103xb.o(.text)
    DMA1_Channel3_IRQHandler                 0x0800011b   Thumb Code     0  startup_stm32f103xb.o(.text)
    DMA1_Channel4_IRQHandler                 0x0800011b   Thumb Code     0  startup_stm32f103xb.o(.text)
    DMA1_Channel5_IRQHandler                 0x0800011b   Thumb Code     0  startup_stm32f103xb.o(.text)
    DMA1_Channel6_IRQHandler                 0x0800011b   Thumb Code     0  startup_stm32f103xb.o(.text)
    DMA1_Channel7_IRQHandler                 0x0800011b   Thumb Code     0  startup_stm32f103xb.o(.text)
    EXTI0_IRQHandler                         0x0800011b   Thumb Code     0  startup_stm32f103xb.o(.text)
    EXTI15_10_IRQHandler                     0x0800011b   Thumb Code     0  startup_stm32f103xb.o(.text)
    EXTI1_IRQHandler                         0x0800011b   Thumb Code     0  startup_stm32f103xb.o(.text)
    EXTI2_IRQHandler                         0x0800011b   Thumb Code     0  startup_stm32f103xb.o(.text)
    EXTI3_IRQHandler                         0x0800011b   Thumb Code     0  startup_stm32f103xb.o(.text)
    EXTI4_IRQHandler                         0x0800011b   Thumb Code     0  startup_stm32f103xb.o(.text)
    EXTI9_5_IRQHandler                       0x0800011b   Thumb Code     0  startup_stm32f103xb.o(.text)
    FLASH_IRQHandler                         0x0800011b   Thumb Code     0  startup_stm32f103xb.o(.text)
    I2C1_ER_IRQHandler                       0x0800011b   Thumb Code     0  startup_stm32f103xb.o(.text)
    I2C1_EV_IRQHandler                       0x0800011b   Thumb Code     0  startup_stm32f103xb.o(.text)
    I2C2_ER_IRQHandler                       0x0800011b   Thumb Code     0  startup_stm32f103xb.o(.text)
    I2C2_EV_IRQHandler                       0x0800011b   Thumb Code     0  startup_stm32f103xb.o(.text)
    PVD_IRQHandler                           0x0800011b   Thumb Code     0  startup_stm32f103xb.o(.text)
    RCC_IRQHandler                           0x0800011b   Thumb Code     0  startup_stm32f103xb.o(.text)
    RTC_Alarm_IRQHandler                     0x0800011b   Thumb Code     0  startup_stm32f103xb.o(.text)
    RTC_IRQHandler                           0x0800011b   Thumb Code     0  startup_stm32f103xb.o(.text)
    SPI1_IRQHandler                          0x0800011b   Thumb Code     0  startup_stm32f103xb.o(.text)
    SPI2_IRQHandler                          0x0800011b   Thumb Code     0  startup_stm32f103xb.o(.text)
    TAMPER_IRQHandler                        0x0800011b   Thumb Code     0  startup_stm32f103xb.o(.text)
    TIM1_BRK_IRQHandler                      0x0800011b   Thumb Code     0  startup_stm32f103xb.o(.text)
    TIM1_CC_IRQHandler                       0x0800011b   Thumb Code     0  startup_stm32f103xb.o(.text)
    TIM1_TRG_COM_IRQHandler                  0x0800011b   Thumb Code     0  startup_stm32f103xb.o(.text)
    TIM1_UP_IRQHandler                       0x0800011b   Thumb Code     0  startup_stm32f103xb.o(.text)
    TIM2_IRQHandler                          0x0800011b   Thumb Code     0  startup_stm32f103xb.o(.text)
    TIM3_IRQHandler                          0x0800011b   Thumb Code     0  startup_stm32f103xb.o(.text)
    USART3_IRQHandler                        0x0800011b   Thumb Code     0  startup_stm32f103xb.o(.text)
    USBWakeUp_IRQHandler                     0x0800011b   Thumb Code     0  startup_stm32f103xb.o(.text)
    USB_HP_CAN1_TX_IRQHandler                0x0800011b   Thumb Code     0  startup_stm32f103xb.o(.text)
    USB_LP_CAN1_RX0_IRQHandler               0x0800011b   Thumb Code     0  startup_stm32f103xb.o(.text)
    WWDG_IRQHandler                          0x0800011b   Thumb Code     0  startup_stm32f103xb.o(.text)
    __aeabi_memset                           0x08000125   Thumb Code    14  memseta.o(.text)
    __aeabi_memset4                          0x08000125   Thumb Code     0  memseta.o(.text)
    __aeabi_memset8                          0x08000125   Thumb Code     0  memseta.o(.text)
    __aeabi_memclr                           0x08000133   Thumb Code     4  memseta.o(.text)
    __aeabi_memclr4                          0x08000133   Thumb Code     0  memseta.o(.text)
    __aeabi_memclr8                          0x08000133   Thumb Code     0  memseta.o(.text)
    _memset$wrapper                          0x08000137   Thumb Code    18  memseta.o(.text)
    __scatterload                            0x08000149   Thumb Code    28  init.o(.text)
    __scatterload_rt2                        0x08000149   Thumb Code     0  init.o(.text)
    BusFault_Handler                         0x0800016d   Thumb Code     2  stm32f1xx_it.o(i.BusFault_Handler)
    DHT11_Check                              0x08000171   Thumb Code    72  dht11.o(i.DHT11_Check)
    DHT11_Read_Bit                           0x080001bd   Thumb Code    70  dht11.o(i.DHT11_Read_Bit)
    DHT11_Read_Byte                          0x08000209   Thumb Code    26  dht11.o(i.DHT11_Read_Byte)
    DHT11_Read_Data                          0x08000225   Thumb Code   164  dht11.o(i.DHT11_Read_Data)
    DHT11_Rst                                0x080002cd   Thumb Code    34  dht11.o(i.DHT11_Rst)
    DebugMon_Handler                         0x080002f5   Thumb Code     2  stm32f1xx_it.o(i.DebugMon_Handler)
    Delay_us                                 0x080002f9   Thumb Code    48  tim.o(i.Delay_us)
    Error_Handler                            0x0800032d   Thumb Code     4  main.o(i.Error_Handler)
    HAL_DMA_Abort_IT                         0x08000331   Thumb Code   148  stm32f1xx_hal_dma.o(i.HAL_DMA_Abort_IT)
    HAL_Delay                                0x080003c9   Thumb Code    32  stm32f1xx_hal.o(i.HAL_Delay)
    HAL_GPIO_Init                            0x080003ed   Thumb Code   446  stm32f1xx_hal_gpio.o(i.HAL_GPIO_Init)
    HAL_GPIO_ReadPin                         0x080005cd   Thumb Code    10  stm32f1xx_hal_gpio.o(i.HAL_GPIO_ReadPin)
    HAL_GPIO_TogglePin                       0x080005d7   Thumb Code    16  stm32f1xx_hal_gpio.o(i.HAL_GPIO_TogglePin)
    HAL_GPIO_WritePin                        0x080005e7   Thumb Code    10  stm32f1xx_hal_gpio.o(i.HAL_GPIO_WritePin)
    HAL_GetTick                              0x080005f1   Thumb Code     6  stm32f1xx_hal.o(i.HAL_GetTick)
    HAL_I2C_Init                             0x080005fd   Thumb Code   376  stm32f1xx_hal_i2c.o(i.HAL_I2C_Init)
    HAL_I2C_MspInit                          0x08000785   Thumb Code    80  i2c.o(i.HAL_I2C_MspInit)
    HAL_IncTick                              0x080007e1   Thumb Code    12  stm32f1xx_hal.o(i.HAL_IncTick)
    HAL_Init                                 0x080007f1   Thumb Code    32  stm32f1xx_hal.o(i.HAL_Init)
    HAL_InitTick                             0x08000815   Thumb Code    54  stm32f1xx_hal.o(i.HAL_InitTick)
    HAL_MspInit                              0x08000855   Thumb Code    58  stm32f1xx_hal_msp.o(i.HAL_MspInit)
    HAL_NVIC_EnableIRQ                       0x08000899   Thumb Code    26  stm32f1xx_hal_cortex.o(i.HAL_NVIC_EnableIRQ)
    HAL_NVIC_SetPriority                     0x080008b5   Thumb Code    60  stm32f1xx_hal_cortex.o(i.HAL_NVIC_SetPriority)
    HAL_NVIC_SetPriorityGrouping             0x080008f5   Thumb Code    26  stm32f1xx_hal_cortex.o(i.HAL_NVIC_SetPriorityGrouping)
    HAL_RCC_ClockConfig                      0x08000919   Thumb Code   280  stm32f1xx_hal_rcc.o(i.HAL_RCC_ClockConfig)
    HAL_RCC_GetPCLK1Freq                     0x08000a45   Thumb Code    20  stm32f1xx_hal_rcc.o(i.HAL_RCC_GetPCLK1Freq)
    HAL_RCC_GetPCLK2Freq                     0x08000a65   Thumb Code    20  stm32f1xx_hal_rcc.o(i.HAL_RCC_GetPCLK2Freq)
    HAL_RCC_GetSysClockFreq                  0x08000a85   Thumb Code    74  stm32f1xx_hal_rcc.o(i.HAL_RCC_GetSysClockFreq)
    HAL_RCC_OscConfig                        0x08000af1   Thumb Code   778  stm32f1xx_hal_rcc.o(i.HAL_RCC_OscConfig)
    HAL_SYSTICK_Config                       0x08000e11   Thumb Code    40  stm32f1xx_hal_cortex.o(i.HAL_SYSTICK_Config)
    HAL_TIMEx_BreakCallback                  0x08000e39   Thumb Code     2  stm32f1xx_hal_tim_ex.o(i.HAL_TIMEx_BreakCallback)
    HAL_TIMEx_CommutCallback                 0x08000e3b   Thumb Code     2  stm32f1xx_hal_tim_ex.o(i.HAL_TIMEx_CommutCallback)
    HAL_TIMEx_MasterConfigSynchronization    0x08000e3d   Thumb Code    92  stm32f1xx_hal_tim_ex.o(i.HAL_TIMEx_MasterConfigSynchronization)
    HAL_TIM_Base_Init                        0x08000ea5   Thumb Code    90  stm32f1xx_hal_tim.o(i.HAL_TIM_Base_Init)
    HAL_TIM_Base_MspInit                     0x08000f01   Thumb Code    72  tim.o(i.HAL_TIM_Base_MspInit)
    HAL_TIM_Base_Start                       0x08000f55   Thumb Code    66  stm32f1xx_hal_tim.o(i.HAL_TIM_Base_Start)
    HAL_TIM_Base_Start_IT                    0x08000fa5   Thumb Code    76  stm32f1xx_hal_tim.o(i.HAL_TIM_Base_Start_IT)
    HAL_TIM_Base_Stop                        0x08000ffd   Thumb Code    38  stm32f1xx_hal_tim.o(i.HAL_TIM_Base_Stop)
    HAL_TIM_ConfigClockSource                0x08001023   Thumb Code   214  stm32f1xx_hal_tim.o(i.HAL_TIM_ConfigClockSource)
    HAL_TIM_IC_CaptureCallback               0x080010f9   Thumb Code     2  stm32f1xx_hal_tim.o(i.HAL_TIM_IC_CaptureCallback)
    HAL_TIM_IRQHandler                       0x080010fb   Thumb Code   358  stm32f1xx_hal_tim.o(i.HAL_TIM_IRQHandler)
    HAL_TIM_OC_DelayElapsedCallback          0x08001261   Thumb Code     2  stm32f1xx_hal_tim.o(i.HAL_TIM_OC_DelayElapsedCallback)
    HAL_TIM_PWM_PulseFinishedCallback        0x08001263   Thumb Code     2  stm32f1xx_hal_tim.o(i.HAL_TIM_PWM_PulseFinishedCallback)
    HAL_TIM_PeriodElapsedCallback            0x08001265   Thumb Code    56  tim.o(i.HAL_TIM_PeriodElapsedCallback)
    HAL_TIM_TriggerCallback                  0x080012a9   Thumb Code     2  stm32f1xx_hal_tim.o(i.HAL_TIM_TriggerCallback)
    HAL_UART_ErrorCallback                   0x080012ab   Thumb Code     2  stm32f1xx_hal_uart.o(i.HAL_UART_ErrorCallback)
    HAL_UART_IRQHandler                      0x080012ad   Thumb Code   344  stm32f1xx_hal_uart.o(i.HAL_UART_IRQHandler)
    HAL_UART_Init                            0x08001409   Thumb Code    98  stm32f1xx_hal_uart.o(i.HAL_UART_Init)
    HAL_UART_MspInit                         0x0800146d   Thumb Code   198  usart.o(i.HAL_UART_MspInit)
    HAL_UART_Receive_IT                      0x08001545   Thumb Code    82  stm32f1xx_hal_uart.o(i.HAL_UART_Receive_IT)
    HAL_UART_RxCpltCallback                  0x08001599   Thumb Code    50  usart.o(i.HAL_UART_RxCpltCallback)
    HAL_UART_Transmit                        0x080015d9   Thumb Code   178  stm32f1xx_hal_uart.o(i.HAL_UART_Transmit)
    HAL_UART_TxCpltCallback                  0x0800168b   Thumb Code     2  stm32f1xx_hal_uart.o(i.HAL_UART_TxCpltCallback)
    HardFault_Handler                        0x0800168d   Thumb Code     2  stm32f1xx_it.o(i.HardFault_Handler)
    KeyRegister                              0x08001691   Thumb Code   108  gpio.o(i.KeyRegister)
    MX_GPIO_Init                             0x08001711   Thumb Code   130  gpio.o(i.MX_GPIO_Init)
    MX_I2C1_Init                             0x080017a1   Thumb Code    50  i2c.o(i.MX_I2C1_Init)
    MX_TIM3_Init                             0x080017e1   Thumb Code    96  tim.o(i.MX_TIM3_Init)
    MX_TIM4_Init                             0x08001849   Thumb Code    94  tim.o(i.MX_TIM4_Init)
    MX_USART1_UART_Init                      0x080018b1   Thumb Code    48  usart.o(i.MX_USART1_UART_Init)
    MX_USART2_UART_Init                      0x080018e9   Thumb Code    48  usart.o(i.MX_USART2_UART_Init)
    MemManage_Handler                        0x08001921   Thumb Code     2  stm32f1xx_it.o(i.MemManage_Handler)
    NMI_Handler                              0x08001923   Thumb Code     2  stm32f1xx_it.o(i.NMI_Handler)
    PendSV_Handler                           0x08001925   Thumb Code     2  stm32f1xx_it.o(i.PendSV_Handler)
    SVC_Handler                              0x08001927   Thumb Code     2  stm32f1xx_it.o(i.SVC_Handler)
    SysTick_Handler                          0x08001929   Thumb Code     4  stm32f1xx_it.o(i.SysTick_Handler)
    SystemClock_Config                       0x0800192d   Thumb Code    88  main.o(i.SystemClock_Config)
    SystemInit                               0x08001985   Thumb Code     2  system_stm32f1xx.o(i.SystemInit)
    TIM4_IRQHandler                          0x08001989   Thumb Code     6  stm32f1xx_it.o(i.TIM4_IRQHandler)
    TIM_Base_SetConfig                       0x08001995   Thumb Code    94  stm32f1xx_hal_tim.o(i.TIM_Base_SetConfig)
    TIM_ETR_SetConfig                        0x08001a01   Thumb Code    20  stm32f1xx_hal_tim.o(i.TIM_ETR_SetConfig)
    USART1_IRQHandler                        0x08001c41   Thumb Code     6  stm32f1xx_it.o(i.USART1_IRQHandler)
    USART2_IRQHandler                        0x08001c4d   Thumb Code     6  stm32f1xx_it.o(i.USART2_IRQHandler)
    UsageFault_Handler                       0x08001c59   Thumb Code     2  stm32f1xx_it.o(i.UsageFault_Handler)
    WifiLedStatus                            0x08001c5d   Thumb Code    72  main.o(i.WifiLedStatus)
    __0printf$bare                           0x08001ca9   Thumb Code     8  printfb.o(i.__0printf$bare)
    __1printf$bare                           0x08001ca9   Thumb Code     0  printfb.o(i.__0printf$bare)
    __2printf                                0x08001ca9   Thumb Code     0  printfb.o(i.__0printf$bare)
    __scatterload_copy                       0x08001cd9   Thumb Code    14  handlers.o(i.__scatterload_copy)
    __scatterload_null                       0x08001ce7   Thumb Code     2  handlers.o(i.__scatterload_null)
    __scatterload_zeroinit                   0x08001ce9   Thumb Code    14  handlers.o(i.__scatterload_zeroinit)
    all_data_update                          0x08001d19   Thumb Code   124  protocol.o(i.all_data_update)
    btn1_callback                            0x08001d99   Thumb Code    40  gpio.o(i.btn1_callback)
    btn2_callback                            0x08001df5   Thumb Code    38  gpio.o(i.btn2_callback)
    button_attach                            0x08001e69   Thumb Code     8  multi_button.o(i.button_attach)
    button_handler                           0x08001e71   Thumb Code   416  multi_button.o(i.button_handler)
    button_init                              0x08002011   Thumb Code    44  multi_button.o(i.button_init)
    button_start                             0x0800203d   Thumb Code    32  multi_button.o(i.button_start)
    button_ticks                             0x08002061   Thumb Code    22  multi_button.o(i.button_ticks)
    byte_to_int                              0x0800207d   Thumb Code    22  mcu_api.o(i.byte_to_int)
    data_handle                              0x08002095   Thumb Code   254  system.o(i.data_handle)
    dp_download_handle                       0x080021a1   Thumb Code   220  protocol.o(i.dp_download_handle)
    fputc                                    0x08002285   Thumb Code    20  usart.o(i.fputc)
    get_button_event                         0x0800229d   Thumb Code     6  multi_button.o(i.get_button_event)
    get_check_sum                            0x080022a5   Thumb Code    30  system.o(i.get_check_sum)
    get_download_cmd_total                   0x080022c3   Thumb Code     4  protocol.o(i.get_download_cmd_total)
    main                                     0x080022c9   Thumb Code   186  main.o(i.main)
    mcu_dp_bool_update                       0x080023ad   Thumb Code    66  mcu_api.o(i.mcu_dp_bool_update)
    mcu_dp_enum_update                       0x080023f5   Thumb Code    58  mcu_api.o(i.mcu_dp_enum_update)
    mcu_dp_value_update                      0x08002435   Thumb Code    80  mcu_api.o(i.mcu_dp_value_update)
    mcu_get_dp_download_bool                 0x08002489   Thumb Code     4  mcu_api.o(i.mcu_get_dp_download_bool)
    mcu_get_dp_download_enum                 0x0800248d   Thumb Code     4  mcu_api.o(i.mcu_get_dp_download_enum)
    mcu_get_dp_download_value                0x08002491   Thumb Code     4  mcu_api.o(i.mcu_get_dp_download_value)
    mcu_get_wifi_work_state                  0x08002495   Thumb Code     6  mcu_api.o(i.mcu_get_wifi_work_state)
    mcu_reset_wifi                           0x080024a1   Thumb Code    16  mcu_api.o(i.mcu_reset_wifi)
    my_memcpy                                0x080024b5   Thumb Code    60  mcu_api.o(i.my_memcpy)
    my_strlen                                0x080024f1   Thumb Code    22  mcu_api.o(i.my_strlen)
    read_btn1_gpio                           0x080025d1   Thumb Code    10  gpio.o(i.read_btn1_gpio)
    read_btn2_gpio                           0x080025e1   Thumb Code    10  gpio.o(i.read_btn2_gpio)
    set_wifi_uart_buffer                     0x080025f1   Thumb Code    22  system.o(i.set_wifi_uart_buffer)
    set_wifi_uart_byte                       0x0800260d   Thumb Code    12  system.o(i.set_wifi_uart_byte)
    take_byte_rxbuff                         0x0800261d   Thumb Code    30  system.o(i.take_byte_rxbuff)
    uart_receive_input                       0x08002645   Thumb Code    46  mcu_api.o(i.uart_receive_input)
    uart_transmit_output                     0x08002681   Thumb Code    18  protocol.o(i.uart_transmit_output)
    wifi_protocol_init                       0x08002699   Thumb Code    24  mcu_api.o(i.wifi_protocol_init)
    wifi_test_result                         0x080026c5   Thumb Code     2  protocol.o(i.wifi_test_result)
    wifi_uart_service                        0x080026c9   Thumb Code   166  mcu_api.o(i.wifi_uart_service)
    wifi_uart_write_frame                    0x08002779   Thumb Code    64  system.o(i.wifi_uart_write_frame)
    with_data_rxbuff                         0x080027bd   Thumb Code    18  system.o(i.with_data_rxbuff)
    download_cmd                             0x080027d4   Data          26  protocol.o(.constdata)
    AHBPrescTable                            0x080027ee   Data          16  system_stm32f1xx.o(.constdata)
    APBPrescTable                            0x080027fe   Data           8  system_stm32f1xx.o(.constdata)
    Region$$Table$$Base                      0x08002808   Number         0  anon$$obj.o(Region$$Table)
    Region$$Table$$Limit                     0x08002828   Number         0  anon$$obj.o(Region$$Table)
    reset_wifi_flag                          0x20000005   Data           1  system.o(.data)
    set_wifimode_flag                        0x20000006   Data           1  system.o(.data)
    wifi_work_state                          0x20000007   Data           1  system.o(.data)
    rx_buf_in                                0x20000008   Data           4  system.o(.data)
    rx_buf_out                               0x2000000c   Data           4  system.o(.data)
    stop_update_flag                         0x20000010   Data           1  system.o(.data)
    SystemCoreClock                          0x20000014   Data           4  system_stm32f1xx.o(.data)
    temp_sampling_period                     0x20000018   Data           1  main.o(.data)
    keyLongPress                             0x20000019   Data           1  gpio.o(.data)
    count                                    0x2000001a   Data           2  tim.o(.data)
    LedFre                                   0x2000001c   Data           2  tim.o(.data)
    Res1                                     0x2000001e   Data           1  usart.o(.data)
    Res2                                     0x2000001f   Data           1  usart.o(.data)
    uwTickFreq                               0x20000020   Data           1  stm32f1xx_hal.o(.data)
    uwTickPrio                               0x20000024   Data           4  stm32f1xx_hal.o(.data)
    uwTick                                   0x20000028   Data           4  stm32f1xx_hal.o(.data)
    GatherRrrorCnt                           0x20000030   Data           1  dht11.o(.data)
    LastT                                    0x20000031   Data           1  dht11.o(.data)
    LastR                                    0x20000032   Data           1  dht11.o(.data)
    DHT11Data                                0x20000033   Data           4  dht11.o(.data)
    __stdout                                 0x20000038   Data           4  stdout.o(.data)
    wifi_data_process_buf                    0x2000003c   Data          55  system.o(.bss)
    wifi_uart_rx_buf                         0x20000073   Data          23  system.o(.bss)
    wifi_uart_tx_buf                         0x2000008a   Data          55  system.o(.bss)
    btn1                                     0x200000c4   Data          40  gpio.o(.bss)
    btn2                                     0x200000ec   Data          40  gpio.o(.bss)
    hi2c1                                    0x20000114   Data          84  i2c.o(.bss)
    htim3                                    0x20000168   Data          72  tim.o(.bss)
    htim4                                    0x200001b0   Data          72  tim.o(.bss)
    huart1                                   0x200001f8   Data          64  usart.o(.bss)
    huart2                                   0x20000238   Data          64  usart.o(.bss)
    __initial_sp                             0x20000678   Data           0  startup_stm32f103xb.o(STACK)



==============================================================================

Memory Map of the image

  Image Entry point : 0x080000ed

  Load Region LR_IROM1 (Base: 0x08000000, Size: 0x00002864, Max: 0x00010000, ABSOLUTE)

    Execution Region ER_IROM1 (Exec base: 0x08000000, Load base: 0x08000000, Size: 0x00002828, Max: 0x00010000, ABSOLUTE)

    Exec Addr    Load Addr    Size         Type   Attr      Idx    E Section Name        Object

    0x08000000   0x08000000   0x000000ec   Data   RO          896    RESET               startup_stm32f103xb.o
    0x080000ec   0x080000ec   0x00000000   Code   RO         3744  * .ARM.Collect$$$$00000000  mc_w.l(entry.o)
    0x080000ec   0x080000ec   0x00000004   Code   RO         4011    .ARM.Collect$$$$00000001  mc_w.l(entry2.o)
    0x080000f0   0x080000f0   0x00000004   Code   RO         4014    .ARM.Collect$$$$00000004  mc_w.l(entry5.o)
    0x080000f4   0x080000f4   0x00000000   Code   RO         4016    .ARM.Collect$$$$00000008  mc_w.l(entry7b.o)
    0x080000f4   0x080000f4   0x00000000   Code   RO         4018    .ARM.Collect$$$$0000000A  mc_w.l(entry8b.o)
    0x080000f4   0x080000f4   0x00000008   Code   RO         4019    .ARM.Collect$$$$0000000B  mc_w.l(entry9a.o)
    0x080000fc   0x080000fc   0x00000000   Code   RO         4021    .ARM.Collect$$$$0000000D  mc_w.l(entry10a.o)
    0x080000fc   0x080000fc   0x00000000   Code   RO         4023    .ARM.Collect$$$$0000000F  mc_w.l(entry11a.o)
    0x080000fc   0x080000fc   0x00000004   Code   RO         4012    .ARM.Collect$$$$00002712  mc_w.l(entry2.o)
    0x08000100   0x08000100   0x00000024   Code   RO          897    .text               startup_stm32f103xb.o
    0x08000124   0x08000124   0x00000024   Code   RO         3749    .text               mc_w.l(memseta.o)
    0x08000148   0x08000148   0x00000024   Code   RO         4041    .text               mc_w.l(init.o)
    0x0800016c   0x0800016c   0x00000002   Code   RO          779    i.BusFault_Handler  stm32f1xx_it.o
    0x0800016e   0x0800016e   0x00000002   PAD
    0x08000170   0x08000170   0x0000004c   Code   RO         3689    i.DHT11_Check       dht11.o
    0x080001bc   0x080001bc   0x0000004c   Code   RO         3690    i.DHT11_Read_Bit    dht11.o
    0x08000208   0x08000208   0x0000001a   Code   RO         3691    i.DHT11_Read_Byte   dht11.o
    0x08000222   0x08000222   0x00000002   PAD
    0x08000224   0x08000224   0x000000a8   Code   RO         3692    i.DHT11_Read_Data   dht11.o
    0x080002cc   0x080002cc   0x00000028   Code   RO         3693    i.DHT11_Rst         dht11.o
    0x080002f4   0x080002f4   0x00000002   Code   RO          780    i.DebugMon_Handler  stm32f1xx_it.o
    0x080002f6   0x080002f6   0x00000002   PAD
    0x080002f8   0x080002f8   0x00000034   Code   RO          650    i.Delay_us          tim.o
    0x0800032c   0x0800032c   0x00000004   Code   RO          476    i.Error_Handler     main.o
    0x08000330   0x08000330   0x00000098   Code   RO         1747    i.HAL_DMA_Abort_IT  stm32f1xx_hal_dma.o
    0x080003c8   0x080003c8   0x00000024   Code   RO         1374    i.HAL_Delay         stm32f1xx_hal.o
    0x080003ec   0x080003ec   0x000001e0   Code   RO         1682    i.HAL_GPIO_Init     stm32f1xx_hal_gpio.o
    0x080005cc   0x080005cc   0x0000000a   Code   RO         1684    i.HAL_GPIO_ReadPin  stm32f1xx_hal_gpio.o
    0x080005d6   0x080005d6   0x00000010   Code   RO         1685    i.HAL_GPIO_TogglePin  stm32f1xx_hal_gpio.o
    0x080005e6   0x080005e6   0x0000000a   Code   RO         1686    i.HAL_GPIO_WritePin  stm32f1xx_hal_gpio.o
    0x080005f0   0x080005f0   0x0000000c   Code   RO         1378    i.HAL_GetTick       stm32f1xx_hal.o
    0x080005fc   0x080005fc   0x00000188   Code   RO          951    i.HAL_I2C_Init      stm32f1xx_hal_i2c.o
    0x08000784   0x08000784   0x0000005c   Code   RO          609    i.HAL_I2C_MspInit   i2c.o
    0x080007e0   0x080007e0   0x00000010   Code   RO         1384    i.HAL_IncTick       stm32f1xx_hal.o
    0x080007f0   0x080007f0   0x00000024   Code   RO         1385    i.HAL_Init          stm32f1xx_hal.o
    0x08000814   0x08000814   0x00000040   Code   RO         1386    i.HAL_InitTick      stm32f1xx_hal.o
    0x08000854   0x08000854   0x00000044   Code   RO          873    i.HAL_MspInit       stm32f1xx_hal_msp.o
    0x08000898   0x08000898   0x0000001a   Code   RO         1842    i.HAL_NVIC_EnableIRQ  stm32f1xx_hal_cortex.o
    0x080008b2   0x080008b2   0x00000002   PAD
    0x080008b4   0x080008b4   0x00000040   Code   RO         1848    i.HAL_NVIC_SetPriority  stm32f1xx_hal_cortex.o
    0x080008f4   0x080008f4   0x00000024   Code   RO         1849    i.HAL_NVIC_SetPriorityGrouping  stm32f1xx_hal_cortex.o
    0x08000918   0x08000918   0x0000012c   Code   RO         1542    i.HAL_RCC_ClockConfig  stm32f1xx_hal_rcc.o
    0x08000a44   0x08000a44   0x00000020   Code   RO         1549    i.HAL_RCC_GetPCLK1Freq  stm32f1xx_hal_rcc.o
    0x08000a64   0x08000a64   0x00000020   Code   RO         1550    i.HAL_RCC_GetPCLK2Freq  stm32f1xx_hal_rcc.o
    0x08000a84   0x08000a84   0x0000006c   Code   RO         1551    i.HAL_RCC_GetSysClockFreq  stm32f1xx_hal_rcc.o
    0x08000af0   0x08000af0   0x00000320   Code   RO         1554    i.HAL_RCC_OscConfig  stm32f1xx_hal_rcc.o
    0x08000e10   0x08000e10   0x00000028   Code   RO         1853    i.HAL_SYSTICK_Config  stm32f1xx_hal_cortex.o
    0x08000e38   0x08000e38   0x00000002   Code   RO         3048    i.HAL_TIMEx_BreakCallback  stm32f1xx_hal_tim_ex.o
    0x08000e3a   0x08000e3a   0x00000002   Code   RO         3049    i.HAL_TIMEx_CommutCallback  stm32f1xx_hal_tim_ex.o
    0x08000e3c   0x08000e3c   0x00000068   Code   RO         3067    i.HAL_TIMEx_MasterConfigSynchronization  stm32f1xx_hal_tim_ex.o
    0x08000ea4   0x08000ea4   0x0000005a   Code   RO         2344    i.HAL_TIM_Base_Init  stm32f1xx_hal_tim.o
    0x08000efe   0x08000efe   0x00000002   PAD
    0x08000f00   0x08000f00   0x00000054   Code   RO          652    i.HAL_TIM_Base_MspInit  tim.o
    0x08000f54   0x08000f54   0x00000050   Code   RO         2347    i.HAL_TIM_Base_Start  stm32f1xx_hal_tim.o
    0x08000fa4   0x08000fa4   0x00000058   Code   RO         2349    i.HAL_TIM_Base_Start_IT  stm32f1xx_hal_tim.o
    0x08000ffc   0x08000ffc   0x00000026   Code   RO         2350    i.HAL_TIM_Base_Stop  stm32f1xx_hal_tim.o
    0x08001022   0x08001022   0x000000d6   Code   RO         2353    i.HAL_TIM_ConfigClockSource  stm32f1xx_hal_tim.o
    0x080010f8   0x080010f8   0x00000002   Code   RO         2378    i.HAL_TIM_IC_CaptureCallback  stm32f1xx_hal_tim.o
    0x080010fa   0x080010fa   0x00000166   Code   RO         2392    i.HAL_TIM_IRQHandler  stm32f1xx_hal_tim.o
    0x08001260   0x08001260   0x00000002   Code   RO         2395    i.HAL_TIM_OC_DelayElapsedCallback  stm32f1xx_hal_tim.o
    0x08001262   0x08001262   0x00000002   Code   RO         2422    i.HAL_TIM_PWM_PulseFinishedCallback  stm32f1xx_hal_tim.o
    0x08001264   0x08001264   0x00000044   Code   RO          653    i.HAL_TIM_PeriodElapsedCallback  tim.o
    0x080012a8   0x080012a8   0x00000002   Code   RO         2435    i.HAL_TIM_TriggerCallback  stm32f1xx_hal_tim.o
    0x080012aa   0x080012aa   0x00000002   Code   RO         3336    i.HAL_UART_ErrorCallback  stm32f1xx_hal_uart.o
    0x080012ac   0x080012ac   0x0000015c   Code   RO         3339    i.HAL_UART_IRQHandler  stm32f1xx_hal_uart.o
    0x08001408   0x08001408   0x00000062   Code   RO         3340    i.HAL_UART_Init     stm32f1xx_hal_uart.o
    0x0800146a   0x0800146a   0x00000002   PAD
    0x0800146c   0x0800146c   0x000000d8   Code   RO          712    i.HAL_UART_MspInit  usart.o
    0x08001544   0x08001544   0x00000052   Code   RO         3345    i.HAL_UART_Receive_IT  stm32f1xx_hal_uart.o
    0x08001596   0x08001596   0x00000002   PAD
    0x08001598   0x08001598   0x00000040   Code   RO          713    i.HAL_UART_RxCpltCallback  usart.o
    0x080015d8   0x080015d8   0x000000b2   Code   RO         3348    i.HAL_UART_Transmit  stm32f1xx_hal_uart.o
    0x0800168a   0x0800168a   0x00000002   Code   RO         3351    i.HAL_UART_TxCpltCallback  stm32f1xx_hal_uart.o
    0x0800168c   0x0800168c   0x00000002   Code   RO          781    i.HardFault_Handler  stm32f1xx_it.o
    0x0800168e   0x0800168e   0x00000002   PAD
    0x08001690   0x08001690   0x00000080   Code   RO          547    i.KeyRegister       gpio.o
    0x08001710   0x08001710   0x00000090   Code   RO          548    i.MX_GPIO_Init      gpio.o
    0x080017a0   0x080017a0   0x00000040   Code   RO          610    i.MX_I2C1_Init      i2c.o
    0x080017e0   0x080017e0   0x00000068   Code   RO          654    i.MX_TIM3_Init      tim.o
    0x08001848   0x08001848   0x00000068   Code   RO          655    i.MX_TIM4_Init      tim.o
    0x080018b0   0x080018b0   0x00000038   Code   RO          714    i.MX_USART1_UART_Init  usart.o
    0x080018e8   0x080018e8   0x00000038   Code   RO          715    i.MX_USART2_UART_Init  usart.o
    0x08001920   0x08001920   0x00000002   Code   RO          782    i.MemManage_Handler  stm32f1xx_it.o
    0x08001922   0x08001922   0x00000002   Code   RO          783    i.NMI_Handler       stm32f1xx_it.o
    0x08001924   0x08001924   0x00000002   Code   RO          784    i.PendSV_Handler    stm32f1xx_it.o
    0x08001926   0x08001926   0x00000002   Code   RO          785    i.SVC_Handler       stm32f1xx_it.o
    0x08001928   0x08001928   0x00000004   Code   RO          786    i.SysTick_Handler   stm32f1xx_it.o
    0x0800192c   0x0800192c   0x00000058   Code   RO          477    i.SystemClock_Config  main.o
    0x08001984   0x08001984   0x00000002   Code   RO          436    i.SystemInit        system_stm32f1xx.o
    0x08001986   0x08001986   0x00000002   PAD
    0x08001988   0x08001988   0x0000000c   Code   RO          787    i.TIM4_IRQHandler   stm32f1xx_it.o
    0x08001994   0x08001994   0x0000006c   Code   RO         2437    i.TIM_Base_SetConfig  stm32f1xx_hal_tim.o
    0x08001a00   0x08001a00   0x00000014   Code   RO         2448    i.TIM_ETR_SetConfig  stm32f1xx_hal_tim.o
    0x08001a14   0x08001a14   0x00000010   Code   RO         2449    i.TIM_ITRx_SetConfig  stm32f1xx_hal_tim.o
    0x08001a24   0x08001a24   0x00000022   Code   RO         2455    i.TIM_TI1_ConfigInputStage  stm32f1xx_hal_tim.o
    0x08001a46   0x08001a46   0x00000024   Code   RO         2457    i.TIM_TI2_ConfigInputStage  stm32f1xx_hal_tim.o
    0x08001a6a   0x08001a6a   0x00000010   Code   RO         3353    i.UART_DMAAbortOnError  stm32f1xx_hal_uart.o
    0x08001a7a   0x08001a7a   0x0000001c   Code   RO         3363    i.UART_EndRxTransfer  stm32f1xx_hal_uart.o
    0x08001a96   0x08001a96   0x0000008c   Code   RO         3365    i.UART_Receive_IT   stm32f1xx_hal_uart.o
    0x08001b22   0x08001b22   0x00000002   PAD
    0x08001b24   0x08001b24   0x000000b8   Code   RO         3366    i.UART_SetConfig    stm32f1xx_hal_uart.o
    0x08001bdc   0x08001bdc   0x00000064   Code   RO         3367    i.UART_WaitOnFlagUntilTimeout  stm32f1xx_hal_uart.o
    0x08001c40   0x08001c40   0x0000000c   Code   RO          788    i.USART1_IRQHandler  stm32f1xx_it.o
    0x08001c4c   0x08001c4c   0x0000000c   Code   RO          789    i.USART2_IRQHandler  stm32f1xx_it.o
    0x08001c58   0x08001c58   0x00000002   Code   RO          790    i.UsageFault_Handler  stm32f1xx_it.o
    0x08001c5a   0x08001c5a   0x00000002   PAD
    0x08001c5c   0x08001c5c   0x0000004c   Code   RO          478    i.WifiLedStatus     main.o
    0x08001ca8   0x08001ca8   0x00000010   Code   RO         3752    i.__0printf$bare    mc_w.l(printfb.o)
    0x08001cb8   0x08001cb8   0x00000020   Code   RO         1855    i.__NVIC_SetPriority  stm32f1xx_hal_cortex.o
    0x08001cd8   0x08001cd8   0x0000000e   Code   RO         4051    i.__scatterload_copy  mc_w.l(handlers.o)
    0x08001ce6   0x08001ce6   0x00000002   Code   RO         4052    i.__scatterload_null  mc_w.l(handlers.o)
    0x08001ce8   0x08001ce8   0x0000000e   Code   RO         4053    i.__scatterload_zeroinit  mc_w.l(handlers.o)
    0x08001cf6   0x08001cf6   0x00000022   Code   RO         3759    i._printf_core      mc_w.l(printfb.o)
    0x08001d18   0x08001d18   0x00000080   Code   RO          303    i.all_data_update   protocol.o
    0x08001d98   0x08001d98   0x0000005c   Code   RO          549    i.btn1_callback     gpio.o
    0x08001df4   0x08001df4   0x00000074   Code   RO          550    i.btn2_callback     gpio.o
    0x08001e68   0x08001e68   0x00000008   Code   RO         3633    i.button_attach     multi_button.o
    0x08001e70   0x08001e70   0x000001a0   Code   RO         3634    i.button_handler    multi_button.o
    0x08002010   0x08002010   0x0000002c   Code   RO         3635    i.button_init       multi_button.o
    0x0800203c   0x0800203c   0x00000024   Code   RO         3636    i.button_start      multi_button.o
    0x08002060   0x08002060   0x0000001c   Code   RO         3638    i.button_ticks      multi_button.o
    0x0800207c   0x0800207c   0x00000016   Code   RO            4    i.byte_to_int       mcu_api.o
    0x08002092   0x08002092   0x00000002   PAD
    0x08002094   0x08002094   0x0000010c   Code   RO          364    i.data_handle       system.o
    0x080021a0   0x080021a0   0x000000e4   Code   RO          304    i.dp_download_handle  protocol.o
    0x08002284   0x08002284   0x00000018   Code   RO          717    i.fputc             usart.o
    0x0800229c   0x0800229c   0x00000006   Code   RO         3639    i.get_button_event  multi_button.o
    0x080022a2   0x080022a2   0x00000002   PAD
    0x080022a4   0x080022a4   0x0000001e   Code   RO          365    i.get_check_sum     system.o
    0x080022c2   0x080022c2   0x00000004   Code   RO          305    i.get_download_cmd_total  protocol.o
    0x080022c6   0x080022c6   0x00000002   PAD
    0x080022c8   0x080022c8   0x000000e4   Code   RO          479    i.main              main.o
    0x080023ac   0x080023ac   0x00000048   Code   RO            7    i.mcu_dp_bool_update  mcu_api.o
    0x080023f4   0x080023f4   0x00000040   Code   RO            8    i.mcu_dp_enum_update  mcu_api.o
    0x08002434   0x08002434   0x00000054   Code   RO           12    i.mcu_dp_value_update  mcu_api.o
    0x08002488   0x08002488   0x00000004   Code   RO           13    i.mcu_get_dp_download_bool  mcu_api.o
    0x0800248c   0x0800248c   0x00000004   Code   RO           14    i.mcu_get_dp_download_enum  mcu_api.o
    0x08002490   0x08002490   0x00000004   Code   RO           15    i.mcu_get_dp_download_value  mcu_api.o
    0x08002494   0x08002494   0x0000000c   Code   RO           17    i.mcu_get_wifi_work_state  mcu_api.o
    0x080024a0   0x080024a0   0x00000014   Code   RO           19    i.mcu_reset_wifi    mcu_api.o
    0x080024b4   0x080024b4   0x0000003c   Code   RO           22    i.my_memcpy         mcu_api.o
    0x080024f0   0x080024f0   0x00000016   Code   RO           26    i.my_strlen         mcu_api.o
    0x08002506   0x08002506   0x00000002   PAD
    0x08002508   0x08002508   0x000000c8   Code   RO          366    i.product_info_update  system.o
    0x080025d0   0x080025d0   0x00000010   Code   RO          551    i.read_btn1_gpio    gpio.o
    0x080025e0   0x080025e0   0x00000010   Code   RO          552    i.read_btn2_gpio    gpio.o
    0x080025f0   0x080025f0   0x0000001c   Code   RO          367    i.set_wifi_uart_buffer  system.o
    0x0800260c   0x0800260c   0x00000010   Code   RO          368    i.set_wifi_uart_byte  system.o
    0x0800261c   0x0800261c   0x00000028   Code   RO          369    i.take_byte_rxbuff  system.o
    0x08002644   0x08002644   0x0000003c   Code   RO           28    i.uart_receive_input  mcu_api.o
    0x08002680   0x08002680   0x00000018   Code   RO          306    i.uart_transmit_output  protocol.o
    0x08002698   0x08002698   0x0000002c   Code   RO           29    i.wifi_protocol_init  mcu_api.o
    0x080026c4   0x080026c4   0x00000002   Code   RO          307    i.wifi_test_result  protocol.o
    0x080026c6   0x080026c6   0x00000002   PAD
    0x080026c8   0x080026c8   0x000000b0   Code   RO           30    i.wifi_uart_service  mcu_api.o
    0x08002778   0x08002778   0x00000044   Code   RO          370    i.wifi_uart_write_frame  system.o
    0x080027bc   0x080027bc   0x00000018   Code   RO          371    i.with_data_rxbuff  system.o
    0x080027d4   0x080027d4   0x0000001a   Data   RO          308    .constdata          protocol.o
    0x080027ee   0x080027ee   0x00000010   Data   RO          437    .constdata          system_stm32f1xx.o
    0x080027fe   0x080027fe   0x00000008   Data   RO          438    .constdata          system_stm32f1xx.o
    0x08002806   0x08002806   0x00000002   PAD
    0x08002808   0x08002808   0x00000020   Data   RO         4049    Region$$Table       anon$$obj.o


    Execution Region RW_IRAM1 (Exec base: 0x20000000, Load base: 0x08002828, Size: 0x00000678, Max: 0x00005000, ABSOLUTE)

    Exec Addr    Load Addr    Size         Type   Attr      Idx    E Section Name        Object

    0x20000000   0x08002828   0x00000002   Data   RW           31    .data               mcu_api.o
    0x20000002   0x0800282a   0x00000002   PAD
    0x20000004   0x0800282c   0x0000000c   Data   RW          373    .data               system.o
    0x20000010   0x08002838   0x00000001   Data   RW          374    .data               system.o
    0x20000011   0x08002839   0x00000003   PAD
    0x20000014   0x0800283c   0x00000004   Data   RW          439    .data               system_stm32f1xx.o
    0x20000018   0x08002840   0x00000001   Data   RW          480    .data               main.o
    0x20000019   0x08002841   0x00000001   Data   RW          554    .data               gpio.o
    0x2000001a   0x08002842   0x00000004   Data   RW          657    .data               tim.o
    0x2000001e   0x08002846   0x00000001   Data   RW          719    .data               usart.o
    0x2000001f   0x08002847   0x00000001   Data   RW          720    .data               usart.o
    0x20000020   0x08002848   0x0000000c   Data   RW         1392    .data               stm32f1xx_hal.o
    0x2000002c   0x08002854   0x00000004   Data   RW         3640    .data               multi_button.o
    0x20000030   0x08002858   0x00000007   Data   RW         3694    .data               dht11.o
    0x20000037   0x0800285f   0x00000001   PAD
    0x20000038   0x08002860   0x00000004   Data   RW         4025    .data               mc_w.l(stdout.o)
    0x2000003c        -       0x00000085   Zero   RW          372    .bss                system.o
    0x200000c1   0x08002864   0x00000003   PAD
    0x200000c4        -       0x00000050   Zero   RW          553    .bss                gpio.o
    0x20000114        -       0x00000054   Zero   RW          611    .bss                i2c.o
    0x20000168        -       0x00000090   Zero   RW          656    .bss                tim.o
    0x200001f8        -       0x00000080   Zero   RW          718    .bss                usart.o
    0x20000278        -       0x00000400   Zero   RW          894    STACK               startup_stm32f103xb.o


==============================================================================

Image component sizes


      Code (inc. data)   RO Data    RW Data    ZI Data      Debug   Object Name

       386         20          0          7          0       3454   dht11.o
       512        176          0          1         80       4464   gpio.o
       156         26          0          0         84       1545   i2c.o
       396         52          0          1          0       4038   main.o
       648         70          0          2          0     442136   mcu_api.o
       538         16          0          4          0       3948   multi_button.o
       386         34         26          0          0       5537   protocol.o
        36          8        236          0       1024        752   startup_stm32f103xb.o
       164         28          0         12          0       5741   stm32f1xx_hal.o
       198         14          0          0          0      28815   stm32f1xx_hal_cortex.o
       152          4          0          0          0       1063   stm32f1xx_hal_dma.o
       516         34          0          0          0       4032   stm32f1xx_hal_gpio.o
       392         16          0          0          0       3047   stm32f1xx_hal_i2c.o
        68         10          0          0          0        830   stm32f1xx_hal_msp.o
      1272        100          0          0          0       5068   stm32f1xx_hal_rcc.o
      1090         40          0          0          0      10570   stm32f1xx_hal_tim.o
       108         12          0          0          0       2289   stm32f1xx_hal_tim_ex.o
      1178         10          0          0          0       8719   stm32f1xx_hal_uart.o
        56         18          0          0          0       4928   stm32f1xx_it.o
       674        118          0         13        133       7951   system.o
         2          0         24          4          0       1059   system_stm32f1xx.o
       412         46          0          4        144       3363   tim.o
       416         52          0          2        128       3435   usart.o

    ----------------------------------------------------------------------
      9788        904        320         56       1596     556784   Object Totals
         0          0         32          0          0          0   (incl. Generated)
        32          0          2          6          3          0   (incl. Padding)

    ----------------------------------------------------------------------

      Code (inc. data)   RO Data    RW Data    ZI Data      Debug   Library Member Name

         0          0          0          0          0          0   entry.o
         0          0          0          0          0          0   entry10a.o
         0          0          0          0          0          0   entry11a.o
         8          4          0          0          0          0   entry2.o
         4          0          0          0          0          0   entry5.o
         0          0          0          0          0          0   entry7b.o
         0          0          0          0          0          0   entry8b.o
         8          4          0          0          0          0   entry9a.o
        30          0          0          0          0          0   handlers.o
        36          8          0          0          0         68   init.o
        36          0          0          0          0        108   memseta.o
        50          8          0          0          0        152   printfb.o
         0          0          0          4          0          0   stdout.o

    ----------------------------------------------------------------------
       172         24          0          4          0        328   Library Totals
         0          0          0          0          0          0   (incl. Padding)

    ----------------------------------------------------------------------

      Code (inc. data)   RO Data    RW Data    ZI Data      Debug   Library Name

       172         24          0          4          0        328   mc_w.l

    ----------------------------------------------------------------------
       172         24          0          4          0        328   Library Totals

    ----------------------------------------------------------------------

==============================================================================


      Code (inc. data)   RO Data    RW Data    ZI Data      Debug   

      9960        928        320         60       1596     551024   Grand Totals
      9960        928        320         60       1596     551024   ELF Image Totals
      9960        928        320         60          0          0   ROM Totals

==============================================================================

    Total RO  Size (Code + RO Data)                10280 (  10.04kB)
    Total RW  Size (RW Data + ZI Data)              1656 (   1.62kB)
    Total ROM Size (Code + RO Data + RW Data)      10340 (  10.10kB)

==============================================================================

